Archive member included to satisfy reference by file (symbol)

/Applications/STM32CubeIDE.app/Contents/Eclipse/plugins/com.st.stm32cube.ide.mcu.externaltools.gnu-tools-for-stm32.14.3.rel1.macosaarch64_1.0.0.202602081740/tools/bin/../lib/gcc/arm-none-eabi/14.3.1/../../../../arm-none-eabi/lib/thumb/v8-m.main+fp/hard/libc_nano.a(libc_a-exit.o)
                              /Applications/STM32CubeIDE.app/Contents/Eclipse/plugins/com.st.stm32cube.ide.mcu.externaltools.gnu-tools-for-stm32.14.3.rel1.macosaarch64_1.0.0.202602081740/tools/bin/../lib/gcc/arm-none-eabi/14.3.1/../../../../arm-none-eabi/lib/thumb/v8-m.main+fp/hard/crt0.o (exit)
/Applications/STM32CubeIDE.app/Contents/Eclipse/plugins/com.st.stm32cube.ide.mcu.externaltools.gnu-tools-for-stm32.14.3.rel1.macosaarch64_1.0.0.202602081740/tools/bin/../lib/gcc/arm-none-eabi/14.3.1/../../../../arm-none-eabi/lib/thumb/v8-m.main+fp/hard/libc_nano.a(libc_a-findfp.o)
                              /Applications/STM32CubeIDE.app/Contents/Eclipse/plugins/com.st.stm32cube.ide.mcu.externaltools.gnu-tools-for-stm32.14.3.rel1.macosaarch64_1.0.0.202602081740/tools/bin/../lib/gcc/arm-none-eabi/14.3.1/../../../../arm-none-eabi/lib/thumb/v8-m.main+fp/hard/libc_nano.a(libc_a-exit.o) (__stdio_exit_handler)
/Applications/STM32CubeIDE.app/Contents/Eclipse/plugins/com.st.stm32cube.ide.mcu.externaltools.gnu-tools-for-stm32.14.3.rel1.macosaarch64_1.0.0.202602081740/tools/bin/../lib/gcc/arm-none-eabi/14.3.1/../../../../arm-none-eabi/lib/thumb/v8-m.main+fp/hard/libc_nano.a(libc_a-fwalk.o)
                              /Applications/STM32CubeIDE.app/Contents/Eclipse/plugins/com.st.stm32cube.ide.mcu.externaltools.gnu-tools-for-stm32.14.3.rel1.macosaarch64_1.0.0.202602081740/tools/bin/../lib/gcc/arm-none-eabi/14.3.1/../../../../arm-none-eabi/lib/thumb/v8-m.main+fp/hard/libc_nano.a(libc_a-findfp.o) (_fwalk_sglue)
/Applications/STM32CubeIDE.app/Contents/Eclipse/plugins/com.st.stm32cube.ide.mcu.externaltools.gnu-tools-for-stm32.14.3.rel1.macosaarch64_1.0.0.202602081740/tools/bin/../lib/gcc/arm-none-eabi/14.3.1/../../../../arm-none-eabi/lib/thumb/v8-m.main+fp/hard/libc_nano.a(libc_a-memset.o)
                              /Applications/STM32CubeIDE.app/Contents/Eclipse/plugins/com.st.stm32cube.ide.mcu.externaltools.gnu-tools-for-stm32.14.3.rel1.macosaarch64_1.0.0.202602081740/tools/bin/../lib/gcc/arm-none-eabi/14.3.1/../../../../arm-none-eabi/lib/thumb/v8-m.main+fp/hard/crt0.o (memset)
/Applications/STM32CubeIDE.app/Contents/Eclipse/plugins/com.st.stm32cube.ide.mcu.externaltools.gnu-tools-for-stm32.14.3.rel1.macosaarch64_1.0.0.202602081740/tools/bin/../lib/gcc/arm-none-eabi/14.3.1/../../../../arm-none-eabi/lib/thumb/v8-m.main+fp/hard/libc_nano.a(libc_a-errno.o)
                              ./Core/Src/syscalls.o (__errno)
/Applications/STM32CubeIDE.app/Contents/Eclipse/plugins/com.st.stm32cube.ide.mcu.externaltools.gnu-tools-for-stm32.14.3.rel1.macosaarch64_1.0.0.202602081740/tools/bin/../lib/gcc/arm-none-eabi/14.3.1/../../../../arm-none-eabi/lib/thumb/v8-m.main+fp/hard/libc_nano.a(libc_a-init.o)
                              /Applications/STM32CubeIDE.app/Contents/Eclipse/plugins/com.st.stm32cube.ide.mcu.externaltools.gnu-tools-for-stm32.14.3.rel1.macosaarch64_1.0.0.202602081740/tools/bin/../lib/gcc/arm-none-eabi/14.3.1/../../../../arm-none-eabi/lib/thumb/v8-m.main+fp/hard/crt0.o (__libc_init_array)
/Applications/STM32CubeIDE.app/Contents/Eclipse/plugins/com.st.stm32cube.ide.mcu.externaltools.gnu-tools-for-stm32.14.3.rel1.macosaarch64_1.0.0.202602081740/tools/bin/../lib/gcc/arm-none-eabi/14.3.1/../../../../arm-none-eabi/lib/thumb/v8-m.main+fp/hard/libc_nano.a(libc_a-lock.o)
                              /Applications/STM32CubeIDE.app/Contents/Eclipse/plugins/com.st.stm32cube.ide.mcu.externaltools.gnu-tools-for-stm32.14.3.rel1.macosaarch64_1.0.0.202602081740/tools/bin/../lib/gcc/arm-none-eabi/14.3.1/../../../../arm-none-eabi/lib/thumb/v8-m.main+fp/hard/libc_nano.a(libc_a-findfp.o) (__retarget_lock_init_recursive)
/Applications/STM32CubeIDE.app/Contents/Eclipse/plugins/com.st.stm32cube.ide.mcu.externaltools.gnu-tools-for-stm32.14.3.rel1.macosaarch64_1.0.0.202602081740/tools/bin/../lib/gcc/arm-none-eabi/14.3.1/../../../../arm-none-eabi/lib/thumb/v8-m.main+fp/hard/libc_nano.a(libc_a-impure.o)
                              /Applications/STM32CubeIDE.app/Contents/Eclipse/plugins/com.st.stm32cube.ide.mcu.externaltools.gnu-tools-for-stm32.14.3.rel1.macosaarch64_1.0.0.202602081740/tools/bin/../lib/gcc/arm-none-eabi/14.3.1/../../../../arm-none-eabi/lib/thumb/v8-m.main+fp/hard/libc_nano.a(libc_a-errno.o) (_impure_ptr)
/Applications/STM32CubeIDE.app/Contents/Eclipse/plugins/com.st.stm32cube.ide.mcu.externaltools.gnu-tools-for-stm32.14.3.rel1.macosaarch64_1.0.0.202602081740/tools/bin/../lib/gcc/arm-none-eabi/14.3.1/../../../../arm-none-eabi/lib/thumb/v8-m.main+fp/hard/libc_nano.a(libc_a-mallocr.o)
[...]
Memory Configuration

Name             Origin             Length             Attributes
RAM              0x20000000         0x000c0000         xrw
SRAM4            0x28000000         0x00004000         xrw
FLASH            0x08000000         0x00200000         xr
*default*        0x00000000         0xffffffff

Linker script and memory map

LOAD /Applications/STM32CubeIDE.app/Contents/Eclipse/plugins/com.st.stm32cube.ide.mcu.externaltools.gnu-tools-for-stm32.14.3.rel1.macosaarch64_1.0.0.202602081740/tools/bin/../lib/gcc/arm-none-eabi/14.3.1/thumb/v8-m.main+fp/hard/crti.o
LOAD /Applications/STM32CubeIDE.app/Contents/Eclipse/plugins/com.st.stm32cube.ide.mcu.externaltools.gnu-tools-for-stm32.14.3.rel1.macosaarch64_1.0.0.202602081740/tools/bin/../lib/gcc/arm-none-eabi/14.3.1/thumb/v8-m.main+fp/hard/crtbegin.o
LOAD /Applications/STM32CubeIDE.app/Contents/Eclipse/plugins/com.st.stm32cube.ide.mcu.externaltools.gnu-tools-for-stm32.14.3.rel1.macosaarch64_1.0.0.202602081740/tools/bin/../lib/gcc/arm-none-eabi/14.3.1/../../../../arm-none-eabi/lib/thumb/v8-m.main+fp/hard/crt0.o
LOAD ./Core/Src/main.o
LOAD ./Core/Src/stm32u5xx_hal_msp.o
LOAD ./Core/Src/stm32u5xx_it.o
LOAD ./Core/Src/syscalls.o
LOAD ./Core/Src/sysmem.o
LOAD ./Core/Src/system_stm32u5xx.o
LOAD ./Core/Startup/startup_stm32u585citx.o
LOAD ./Drivers/STM32U5xx_HAL_Driver/Src/stm32u5xx_hal.o
LOAD ./Drivers/STM32U5xx_HAL_Driver/Src/stm32u5xx_hal_cortex.o
LOAD ./Drivers/STM32U5xx_HAL_Driver/Src/stm32u5xx_hal_dma.o
LOAD ./Drivers/STM32U5xx_HAL_Driver/Src/stm32u5xx_hal_dma_ex.o
LOAD ./Drivers/STM32U5xx_HAL_Driver/Src/stm32u5xx_hal_exti.o
LOAD ./Drivers/STM32U5xx_HAL_Driver/Src/stm32u5xx_hal_fdcan.o
LOAD ./Drivers/STM32U5xx_HAL_Driver/Src/stm32u5xx_hal_flash.o
LOAD ./Drivers/STM32U5xx_HAL_Driver/Src/stm32u5xx_hal_flash_ex.o
LOAD ./Drivers/STM32U5xx_HAL_Driver/Src/stm32u5xx_hal_gpio.o
LOAD ./Drivers/STM32U5xx_HAL_Driver/Src/stm32u5xx_hal_gtzc.o
LOAD ./Drivers/STM32U5xx_HAL_Driver/Src/stm32u5xx_hal_i2c.o
LOAD ./Drivers/STM32U5xx_HAL_Driver/Src/stm32u5xx_hal_i2c_ex.o
LOAD ./Drivers/STM32U5xx_HAL_Driver/Src/stm32u5xx_hal_icache.o
LOAD ./Drivers/STM32U5xx_HAL_Driver/Src/stm32u5xx_hal_pwr.o
LOAD ./Drivers/STM32U5xx_HAL_Driver/Src/stm32u5xx_hal_pwr_ex.o
LOAD ./Drivers/STM32U5xx_HAL_Driver/Src/stm32u5xx_hal_rcc.o
LOAD ./Drivers/STM32U5xx_HAL_Driver/Src/stm32u5xx_hal_rcc_ex.o
LOAD ./Drivers/STM32U5xx_HAL_Driver/Src/stm32u5xx_hal_spi.o
LOAD ./Drivers/STM32U5xx_HAL_Driver/Src/stm32u5xx_hal_spi_ex.o
START GROUP
LOAD /Applications/STM32CubeIDE.app/Contents/Eclipse/plugins/com.st.stm32cube.ide.mcu.externaltools.gnu-tools-for-stm32.14.3.rel1.macosaarch64_1.0.0.202602081740/tools/bin/../lib/gcc/arm-none-eabi/14.3.1/../../../../arm-none-eabi/lib/thumb/v8-m.main+fp/hard/libc_nano.a
LOAD /Applications/STM32CubeIDE.app/Contents/Eclipse/plugins/com.st.stm32cube.ide.mcu.externaltools.gnu-tools-for-stm32.14.3.rel1.macosaarch64_1.0.0.202602081740/tools/bin/../lib/gcc/arm-none-eabi/14.3.1/../../../../arm-none-eabi/lib/thumb/v8-m.main+fp/hard/libm.a
END GROUP
START GROUP
LOAD /Applications/STM32CubeIDE.app/Contents/Eclipse/plugins/com.st.stm32cube.ide.mcu.externaltools.gnu-tools-for-stm32.14.3.rel1.macosaarch64_1.0.0.202602081740/tools/bin/../lib/gcc/arm-none-eabi/14.3.1/thumb/v8-m.main+fp/hard/libgcc.a
LOAD /Applications/STM32CubeIDE.app/Contents/Eclipse/plugins/com.st.stm32cube.ide.mcu.externaltools.gnu-tools-for-stm32.14.3.rel1.macosaarch64_1.0.0.202602081740/tools/bin/../lib/gcc/arm-none-eabi/14.3.1/../../../../arm-none-eabi/lib/thumb/v8-m.main+fp/hard/libc_nano.a
END GROUP
START GROUP
LOAD /Applications/STM32CubeIDE.app/Contents/Eclipse/plugins/com.st.stm32cube.ide.mcu.externaltools.gnu-tools-for-stm32.14.3.rel1.macosaarch64_1.0.0.202602081740/tools/bin/../lib/gcc/arm-none-eabi/14.3.1/thumb/v8-m.main+fp/hard/libgcc.a
LOAD /Applications/STM32CubeIDE.app/Contents/Eclipse/plugins/com.st.stm32cube.ide.mcu.externaltools.gnu-tools-for-stm32.14.3.rel1.macosaarch64_1.0.0.202602081740/tools/bin/../lib/gcc/arm-none-eabi/14.3.1/../../../../arm-none-eabi/lib/thumb/v8-m.main+fp/hard/libc_nano.a
LOAD /Applications/STM32CubeIDE.app/Contents/Eclipse/plugins/com.st.stm32cube.ide.mcu.externaltools.gnu-tools-for-stm32.14.3.rel1.macosaarch64_1.0.0.202602081740/tools/bin/../lib/gcc/arm-none-eabi/14.3.1/../../../../arm-none-eabi/lib/thumb/v8-m.main+fp/hard/libnosys.a
END GROUP
START GROUP
LOAD /Applications/STM32CubeIDE.app/Contents/Eclipse/plugins/com.st.stm32cube.ide.mcu.externaltools.gnu-tools-for-stm32.14.3.rel1.macosaarch64_1.0.0.202602081740/tools/bin/../lib/gcc/arm-none-eabi/14.3.1/thumb/v8-m.main+fp/hard/libgcc.a
LOAD /Applications/STM32CubeIDE.app/Contents/Eclipse/plugins/com.st.stm32cube.ide.mcu.externaltools.gnu-tools-for-stm32.14.3.rel1.macosaarch64_1.0.0.202602081740/tools/bin/../lib/gcc/arm-none-eabi/14.3.1/../../../../arm-none-eabi/lib/thumb/v8-m.main+fp/hard/libc_nano.a
LOAD /Applications/STM32CubeIDE.app/Contents/Eclipse/plugins/com.st.stm32cube.ide.mcu.externaltools.gnu-tools-for-stm32.14.3.rel1.macosaarch64_1.0.0.202602081740/tools/bin/../lib/gcc/arm-none-eabi/14.3.1/../../../../arm-none-eabi/lib/thumb/v8-m.main+fp/hard/libnosys.a
END GROUP
LOAD /Applications/STM32CubeIDE.app/Contents/Eclipse/plugins/com.st.stm32cube.ide.mcu.externaltools.gnu-tools-for-stm32.14.3.rel1.macosaarch64_1.0.0.202602081740/tools/bin/../lib/gcc/arm-none-eabi/14.3.1/thumb/v8-m.main+fp/hard/crtend.o
LOAD /Applications/STM32CubeIDE.app/Contents/Eclipse/plugins/com.st.stm32cube.ide.mcu.externaltools.gnu-tools-for-stm32.14.3.rel1.macosaarch64_1.0.0.202602081740/tools/bin/../lib/gcc/arm-none-eabi/14.3.1/thumb/v8-m.main+fp/hard/crtn.o
                0x200c0000                        _estack = (ORIGIN (RAM) + LENGTH (RAM))
                0x200bfc00                        _sstack = (_estack - _Min_Stack_Size)
                0x00000200                        _Min_Heap_Size = 0x200
                0x00000400                        _Min_Stack_Size = 0x400

.isr_vector     0x08000000      0x238
 *(.isr_vector)
 .isr_vector    0x08000000      0x238 ./Core/Startup/startup_stm32u585citx.o
                0x08000000                g_pfnVectors

.text           0x08000238     0x5030
 *(.text)
 .text          0x08000238       0x40 /Applications/STM32CubeIDE.app/Contents/Eclipse/plugins/com.st.stm32cube.ide.mcu.externaltools.gnu-tools-for-stm32.14.3.rel1.macosaarch64_1.0.0.202602081740/tools/bin/../lib/gcc/arm-none-eabi/14.3.1/thumb/v8-m.main+fp/hard/crtbegin.o
 *(.text*)
 .text.Build_FDCAN_ID_FromStruct
                0x08000278       0x7c ./Core/Src/main.o
                0x08000278                Build_FDCAN_ID_FromStruct
 .text.MPPT_Send_Heartbeat
                0x080002f4       0x84 ./Core/Src/main.o
                0x080002f4                MPPT_Send_Heartbeat
 .text.FDCAN_QueuePop
                0x08000378       0x8c ./Core/Src/main.o
                0x08000378                FDCAN_QueuePop
 .text.FDCAN_ProcessQueue
                0x08000404       0x3c ./Core/Src/main.o
                0x08000404                FDCAN_ProcessQueue
 .text.FDCAN_Bytes_To_DLC
                0x08000440       0x68 ./Core/Src/main.o
                0x08000440                FDCAN_Bytes_To_DLC
 .text.FDCAN_ProcessQueueElement
                0x080004a8       0x24 ./Core/Src/main.o
                0x080004a8                FDCAN_ProcessQueueElement
 .text.LT8491_ReadWord
                0x080004cc       0x60 ./Core/Src/main.o
                0x080004cc                LT8491_ReadWord
 .text.MPPT_Send_Housekeeping
                0x0800052c      0x33c ./Core/Src/main.o
                0x0800052c                MPPT_Send_Housekeeping
 .text.main     0x08000868       0xc8 ./Core/Src/main.o
                0x08000868                main
 .text.SystemClock_Config
                0x08000930       0xb2 ./Core/Src/main.o
                0x08000930                SystemClock_Config
 *fill*         0x080009e2        0x2 
 .text.MX_FDCAN1_Init
                0x080009e4       0x8c ./Core/Src/main.o
 .text.MX_I2C1_Init
                0x08000a70       0x80 ./Core/Src/main.o
 .text.MX_I2C2_Init
                0x08000af0       0x80 ./Core/Src/main.o
 .text.MX_SPI1_Init
                0x08000b70       0xdc ./Core/Src/main.o
 .text.MX_GPIO_Init
                0x08000c4c       0xc4 ./Core/Src/main.o
 .text.Error_Handler
                0x08000d10        0xc ./Core/Src/main.o
                0x08000d10                Error_Handler
 .text.HAL_MspInit
                0x08000d1c       0x34 ./Core/Src/stm32u5xx_hal_msp.o
                0x08000d1c                HAL_MspInit
 .text.HAL_FDCAN_MspInit
                0x08000d50       0xd4 ./Core/Src/stm32u5xx_hal_msp.o
                0x08000d50                HAL_FDCAN_MspInit
 .text.HAL_I2C_MspInit
                0x08000e24      0x170 ./Core/Src/stm32u5xx_hal_msp.o
                0x08000e24                HAL_I2C_MspInit
 .text.HAL_SPI_MspInit
                0x08000f94      0x120 ./Core/Src/stm32u5xx_hal_msp.o
                0x08000f94                HAL_SPI_MspInit
 .text.NMI_Handler
                0x080010b4        0x8 ./Core/Src/stm32u5xx_it.o
                0x080010b4                NMI_Handler
 .text.HardFault_Handler
                0x080010bc        0x8 ./Core/Src/stm32u5xx_it.o
                0x080010bc                HardFault_Handler
 .text.MemManage_Handler
                0x080010c4        0x8 ./Core/Src/stm32u5xx_it.o
                0x080010c4                MemManage_Handler
 .text.BusFault_Handler
                0x080010cc        0x8 ./Core/Src/stm32u5xx_it.o
                0x080010cc                BusFault_Handler
 .text.UsageFault_Handler
                0x080010d4        0x8 ./Core/Src/stm32u5xx_it.o
                0x080010d4                UsageFault_Handler
 .text.SVC_Handler
                0x080010dc        0xe ./Core/Src/stm32u5xx_it.o
                0x080010dc                SVC_Handler
 .text.DebugMon_Handler
                0x080010ea        0xe ./Core/Src/stm32u5xx_it.o
                0x080010ea                DebugMon_Handler
 .text.PendSV_Handler
                0x080010f8        0xe ./Core/Src/stm32u5xx_it.o
                0x080010f8                PendSV_Handler
 .text.SysTick_Handler
                0x08001106        0xc ./Core/Src/stm32u5xx_it.o
                0x08001106                SysTick_Handler
 *fill*         0x08001112        0x2 
 .text.SystemInit
                0x08001114       0x70 ./Core/Src/system_stm32u5xx.o
                0x08001114                SystemInit
 .text.Reset_Handler
                0x08001184       0x50 ./Core/Startup/startup_stm32u585citx.o
                0x08001184                Reset_Handler
 .text.Default_Handler
                0x080011d4        0x2 ./Core/Startup/startup_stm32u585citx.o
                0x080011d4                HASH_IRQHandler
                0x080011d4                TIM8_TRG_COM_IRQHandler
                0x080011d4                TIM8_CC_IRQHandler
                0x080011d4                EXTI5_IRQHandler
                0x080011d4                FLASH_S_IRQHandler
                0x080011d4                EXTI13_IRQHandler
                0x080011d4                TIM1_CC_IRQHandler
                0x080011d4                TSC_IRQHandler
                0x080011d4                TAMP_IRQHandler
                0x080011d4                TIM6_IRQHandler
                0x080011d4                EXTI12_IRQHandler
                0x080011d4                CORDIC_IRQHandler
                0x080011d4                EXTI3_IRQHandler
                0x080011d4                LPTIM4_IRQHandler
                0x080011d4                GPDMA1_Channel5_IRQHandler
                0x080011d4                EXTI8_IRQHandler
                0x080011d4                LPTIM2_IRQHandler
                0x080011d4                I2C3_ER_IRQHandler
                0x080011d4                PWR_S3WU_IRQHandler
                0x080011d4                MDF1_FLT2_IRQHandler
                0x080011d4                LPDMA1_Channel3_IRQHandler
                0x080011d4                LPTIM3_IRQHandler
                0x080011d4                EXTI0_IRQHandler
                0x080011d4                I2C2_EV_IRQHandler
                0x080011d4                FPU_IRQHandler
                0x080011d4                GPDMA1_Channel3_IRQHandler
                0x080011d4                GPDMA1_Channel7_IRQHandler
                0x080011d4                MDF1_FLT4_IRQHandler
                0x080011d4                FDCAN1_IT1_IRQHandler
                0x080011d4                RAMCFG_IRQHandler
                0x080011d4                GPDMA1_Channel9_IRQHandler
                0x080011d4                DCACHE1_IRQHandler
                0x080011d4                SPI1_IRQHandler
                0x080011d4                OCTOSPI1_IRQHandler
                0x080011d4                GPDMA1_Channel2_IRQHandler
                0x080011d4                TIM8_UP_IRQHandler
                0x080011d4                RCC_S_IRQHandler
                0x080011d4                OCTOSPI2_IRQHandler
                0x080011d4                SAI2_IRQHandler
                0x080011d4                MDF1_FLT1_IRQHandler
                0x080011d4                ADC1_IRQHandler
                0x080011d4                PKA_IRQHandler
                0x080011d4                MDF1_FLT5_IRQHandler
                0x080011d4                EXTI15_IRQHandler
                0x080011d4                TIM17_IRQHandler
                0x080011d4                USART3_IRQHandler
                0x080011d4                RTC_IRQHandler
                0x080011d4                EXTI9_IRQHandler
                0x080011d4                UART5_IRQHandler
                0x080011d4                TIM4_IRQHandler
                0x080011d4                I2C1_EV_IRQHandler
                0x080011d4                GPDMA1_Channel12_IRQHandler
                0x080011d4                GPDMA1_Channel1_IRQHandler
                0x080011d4                TIM16_IRQHandler
                0x080011d4                GPDMA1_Channel15_IRQHandler
                0x080011d4                UART4_IRQHandler
                0x080011d4                SecureFault_Handler
                0x080011d4                TIM3_IRQHandler
                0x080011d4                RCC_IRQHandler
                0x080011d4                TIM1_TRG_COM_IRQHandler
                0x080011d4                Default_Handler
                0x080011d4                GPDMA1_Channel8_IRQHandler
                0x080011d4                FMAC_IRQHandler
                0x080011d4                OTFDEC1_IRQHandler
                0x080011d4                GPDMA1_Channel11_IRQHandler
                0x080011d4                TIM7_IRQHandler
                0x080011d4                SDMMC1_IRQHandler
                0x080011d4                SAES_IRQHandler
                0x080011d4                TIM5_IRQHandler
                0x080011d4                UCPD1_IRQHandler
                0x080011d4                GPDMA1_Channel0_IRQHandler
                0x080011d4                TIM15_IRQHandler
                0x080011d4                I2C3_EV_IRQHandler
                0x080011d4                LPDMA1_Channel0_IRQHandler
                0x080011d4                PVD_PVM_IRQHandler
                0x080011d4                SPI2_IRQHandler
                0x080011d4                LPDMA1_Channel1_IRQHandler
                0x080011d4                EXTI14_IRQHandler
                0x080011d4                EXTI11_IRQHandler
                0x080011d4                OTFDEC2_IRQHandler
                0x080011d4                CRS_IRQHandler
                0x080011d4                GPDMA1_Channel14_IRQHandler
                0x080011d4                LSECSSD_IRQHandler
                0x080011d4                EXTI4_IRQHandler
                0x080011d4                RTC_S_IRQHandler
                0x080011d4                GPDMA1_Channel13_IRQHandler
                0x080011d4                RNG_IRQHandler
                0x080011d4                COMP_IRQHandler
                0x080011d4                TIM1_UP_IRQHandler
                0x080011d4                ADC4_IRQHandler
                0x080011d4                WWDG_IRQHandler
                0x080011d4                I2C4_EV_IRQHandler
                0x080011d4                ADF1_IRQHandler
                0x080011d4                IWDG_IRQHandler
                0x080011d4                LPUART1_IRQHandler
                0x080011d4                MDF1_FLT0_IRQHandler
                0x080011d4                FDCAN1_IT0_IRQHandler
                0x080011d4                TIM2_IRQHandler
                0x080011d4                GPDMA1_Channel4_IRQHandler
                0x080011d4                EXTI7_IRQHandler
                0x080011d4                DMA2D_IRQHandler
                0x080011d4                TIM1_BRK_IRQHandler
                0x080011d4                EXTI1_IRQHandler
                0x080011d4                SDMMC2_IRQHandler
                0x080011d4                AES_IRQHandler
                0x080011d4                DAC1_IRQHandler
                0x080011d4                GTZC_IRQHandler
                0x080011d4                MDF1_FLT3_IRQHandler
                0x080011d4                USART2_IRQHandler
                0x080011d4                GPDMA1_Channel6_IRQHandler
                0x080011d4                I2C2_ER_IRQHandler
                0x080011d4                TIM8_BRK_IRQHandler
                0x080011d4                FLASH_IRQHandler
                0x080011d4                USART1_IRQHandler
                0x080011d4                EXTI10_IRQHandler
                0x080011d4                OTG_FS_IRQHandler
                0x080011d4                SPI3_IRQHandler
                0x080011d4                LPDMA1_Channel2_IRQHandler
                0x080011d4                I2C1_ER_IRQHandler
                0x080011d4                FMC_IRQHandler
                0x080011d4                EXTI6_IRQHandler
                0x080011d4                LPTIM1_IRQHandler
                0x080011d4                DCMI_PSSI_IRQHandler
                0x080011d4                I2C4_ER_IRQHandler
                0x080011d4                GPDMA1_Channel10_IRQHandler
                0x080011d4                ICACHE_IRQHandler
                0x080011d4                SAI1_IRQHandler
                0x080011d4                EXTI2_IRQHandler
 *fill*         0x080011d6        0x2 
 .text.HAL_Init
                0x080011d8       0x60 ./Drivers/STM32U5xx_HAL_Driver/Src/stm32u5xx_hal.o
                0x080011d8                HAL_Init
 .text.HAL_InitTick
                0x08001238       0xec ./Drivers/STM32U5xx_HAL_Driver/Src/stm32u5xx_hal.o
                0x08001238                HAL_InitTick
 .text.HAL_IncTick
                0x08001324       0x28 ./Drivers/STM32U5xx_HAL_Driver/Src/stm32u5xx_hal.o
                0x08001324                HAL_IncTick
 .text.HAL_GetTick
                0x0800134c       0x18 ./Drivers/STM32U5xx_HAL_Driver/Src/stm32u5xx_hal.o
                0x0800134c                HAL_GetTick
 .text.HAL_Delay
                0x08001364       0x48 ./Drivers/STM32U5xx_HAL_Driver/Src/stm32u5xx_hal.o
                0x08001364                HAL_Delay
 .text.__NVIC_SetPriorityGrouping
                0x080013ac       0x48 ./Drivers/STM32U5xx_HAL_Driver/Src/stm32u5xx_hal_cortex.o
 .text.__NVIC_GetPriorityGrouping
                0x080013f4       0x1c ./Drivers/STM32U5xx_HAL_Driver/Src/stm32u5xx_hal_cortex.o
 .text.__NVIC_SetPriority
                0x08001410       0x54 ./Drivers/STM32U5xx_HAL_Driver/Src/stm32u5xx_hal_cortex.o
 .text.NVIC_EncodePriority
                0x08001464       0x66 ./Drivers/STM32U5xx_HAL_Driver/Src/stm32u5xx_hal_cortex.o
 .text.HAL_NVIC_SetPriorityGrouping
                0x080014ca       0x16 ./Drivers/STM32U5xx_HAL_Driver/Src/stm32u5xx_hal_cortex.o
                0x080014ca                HAL_NVIC_SetPriorityGrouping
 .text.HAL_NVIC_SetPriority
                0x080014e0       0x34 ./Drivers/STM32U5xx_HAL_Driver/Src/stm32u5xx_hal_cortex.o
                0x080014e0                HAL_NVIC_SetPriority
 .text.HAL_SYSTICK_Config
                0x08001514       0x44 ./Drivers/STM32U5xx_HAL_Driver/Src/stm32u5xx_hal_cortex.o
                0x08001514                HAL_SYSTICK_Config
 .text.HAL_SYSTICK_CLKSourceConfig
                0x08001558       0xb0 ./Drivers/STM32U5xx_HAL_Driver/Src/stm32u5xx_hal_cortex.o
                0x08001558                HAL_SYSTICK_CLKSourceConfig
 .text.HAL_SYSTICK_GetCLKSourceConfig
                0x08001608       0x74 ./Drivers/STM32U5xx_HAL_Driver/Src/stm32u5xx_hal_cortex.o
                0x08001608                HAL_SYSTICK_GetCLKSourceConfig
 .text.HAL_FDCAN_Init
                0x0800167c      0x2a4 ./Drivers/STM32U5xx_HAL_Driver/Src/stm32u5xx_hal_fdcan.o
                0x0800167c                HAL_FDCAN_Init
 .text.HAL_FDCAN_ConfigGlobalFilter
                0x08001920       0x62 ./Drivers/STM32U5xx_HAL_Driver/Src/stm32u5xx_hal_fdcan.o
                0x08001920                HAL_FDCAN_ConfigGlobalFilter
 .text.HAL_FDCAN_Start
                0x08001982       0x50 ./Drivers/STM32U5xx_HAL_Driver/Src/stm32u5xx_hal_fdcan.o
                0x08001982                HAL_FDCAN_Start
 .text.HAL_FDCAN_AddMessageToTxFifoQ
                0x080019d2       0x88 ./Drivers/STM32U5xx_HAL_Driver/Src/stm32u5xx_hal_fdcan.o
                0x080019d2                HAL_FDCAN_AddMessageToTxFifoQ
 .text.HAL_FDCAN_ActivateNotification
                0x08001a5a      0x1cc ./Drivers/STM32U5xx_HAL_Driver/Src/stm32u5xx_hal_fdcan.o
                0x08001a5a                HAL_FDCAN_ActivateNotification
 *fill*         0x08001c26        0x2 
 .text.FDCAN_CalcultateRamBlockAddresses
                0x08001c28       0xac ./Drivers/STM32U5xx_HAL_Driver/Src/stm32u5xx_hal_fdcan.o
 .text.FDCAN_CopyMessageToRAM
                0x08001cd4       0xf8 ./Drivers/STM32U5xx_HAL_Driver/Src/stm32u5xx_hal_fdcan.o
 .text.HAL_GPIO_Init
                0x08001dcc      0x3c0 ./Drivers/STM32U5xx_HAL_Driver/Src/stm32u5xx_hal_gpio.o
                0x08001dcc                HAL_GPIO_Init
 .text.HAL_GPIO_WritePin
                0x0800218c       0x30 ./Drivers/STM32U5xx_HAL_Driver/Src/stm32u5xx_hal_gpio.o
                0x0800218c                HAL_GPIO_WritePin
 .text.HAL_I2C_Init
                0x080021bc      0x136 ./Drivers/STM32U5xx_HAL_Driver/Src/stm32u5xx_hal_i2c.o
                0x080021bc                HAL_I2C_Init
 *fill*         0x080022f2        0x2 
 .text.HAL_I2C_Mem_Read
                0x080022f4      0x234 ./Drivers/STM32U5xx_HAL_Driver/Src/stm32u5xx_hal_i2c.o
                0x080022f4                HAL_I2C_Mem_Read
 .text.I2C_RequestMemoryRead
                0x08002528       0xa8 ./Drivers/STM32U5xx_HAL_Driver/Src/stm32u5xx_hal_i2c.o
 .text.I2C_Flush_TXDR
                0x080025d0       0x48 ./Drivers/STM32U5xx_HAL_Driver/Src/stm32u5xx_hal_i2c.o
 .text.I2C_WaitOnFlagUntilTimeout
                0x08002618       0xb2 ./Drivers/STM32U5xx_HAL_Driver/Src/stm32u5xx_hal_i2c.o
 .text.I2C_WaitOnTXISFlagUntilTimeout
                0x080026ca       0x8e ./Drivers/STM32U5xx_HAL_Driver/Src/stm32u5xx_hal_i2c.o
 .text.I2C_WaitOnSTOPFlagUntilTimeout
                0x08002758       0x86 ./Drivers/STM32U5xx_HAL_Driver/Src/stm32u5xx_hal_i2c.o
 *fill*         0x080027de        0x2 
 .text.I2C_IsErrorOccurred
                0x080027e0      0x1c0 ./Drivers/STM32U5xx_HAL_Driver/Src/stm32u5xx_hal_i2c.o
 .text.I2C_TransferConfig
                0x080029a0       0x64 ./Drivers/STM32U5xx_HAL_Driver/Src/stm32u5xx_hal_i2c.o
 .text.HAL_I2CEx_ConfigAnalogFilter
                0x08002a04       0x96 ./Drivers/STM32U5xx_HAL_Driver/Src/stm32u5xx_hal_i2c_ex.o
                0x08002a04                HAL_I2CEx_ConfigAnalogFilter
 .text.HAL_I2CEx_ConfigDigitalFilter
                0x08002a9a       0x98 ./Drivers/STM32U5xx_HAL_Driver/Src/stm32u5xx_hal_i2c_ex.o
                0x08002a9a                HAL_I2CEx_ConfigDigitalFilter
 *fill*         0x08002b32        0x2 
 .text.HAL_PWREx_ControlVoltageScaling
                0x08002b34       0xfc ./Drivers/STM32U5xx_HAL_Driver/Src/stm32u5xx_hal_pwr_ex.o
                0x08002b34                HAL_PWREx_ControlVoltageScaling
 .text.HAL_PWREx_GetVoltageRange
                0x08002c30       0x1c ./Drivers/STM32U5xx_HAL_Driver/Src/stm32u5xx_hal_pwr_ex.o
                0x08002c30                HAL_PWREx_GetVoltageRange
 .text.HAL_RCC_OscConfig
                0x08002c4c      0xdb8 ./Drivers/STM32U5xx_HAL_Driver/Src/stm32u5xx_hal_rcc.o
                0x08002c4c                HAL_RCC_OscConfig
 .text.HAL_RCC_ClockConfig
                0x08003a04      0x3e4 ./Drivers/STM32U5xx_HAL_Driver/Src/stm32u5xx_hal_rcc.o
                0x08003a04                HAL_RCC_ClockConfig
 .text.HAL_RCC_GetSysClockFreq
                0x08003de8      0x20c ./Drivers/STM32U5xx_HAL_Driver/Src/stm32u5xx_hal_rcc.o
                0x08003de8                HAL_RCC_GetSysClockFreq
 .text.HAL_RCC_GetHCLKFreq
                0x08003ff4       0x34 ./Drivers/STM32U5xx_HAL_Driver/Src/stm32u5xx_hal_rcc.o
                0x08003ff4                HAL_RCC_GetHCLKFreq
 .text.RCC_SetFlashLatencyFromMSIRange
                0x08004028      0x10c ./Drivers/STM32U5xx_HAL_Driver/Src/stm32u5xx_hal_rcc.o
 .text.HAL_RCCEx_PeriphCLKConfig
                0x08004134      0xb80 ./Drivers/STM32U5xx_HAL_Driver/Src/stm32u5xx_hal_rcc_ex.o
                0x08004134                HAL_RCCEx_PeriphCLKConfig
 .text.RCCEx_PLL2_Config
                0x08004cb4      0x130 ./Drivers/STM32U5xx_HAL_Driver/Src/stm32u5xx_hal_rcc_ex.o
 .text.RCCEx_PLL3_Config
                0x08004de4      0x130 ./Drivers/STM32U5xx_HAL_Driver/Src/stm32u5xx_hal_rcc_ex.o
 .text.HAL_SPI_Init
                0x08004f14      0x22c ./Drivers/STM32U5xx_HAL_Driver/Src/stm32u5xx_hal_spi.o
                0x08004f14                HAL_SPI_Init
 .text.SPI_GetPacketSize
                0x08005140       0x36 ./Drivers/STM32U5xx_HAL_Driver/Src/stm32u5xx_hal_spi.o
 .text.HAL_SPIEx_SetConfigAutonomousMode
                0x08005176       0x82 ./Drivers/STM32U5xx_HAL_Driver/Src/stm32u5xx_hal_spi_ex.o
                0x08005176                HAL_SPIEx_SetConfigAutonomousMode
 .text.memset   0x080051f8       0x10 /Applications/STM32CubeIDE.app/Contents/Eclipse/plugins/com.st.stm32cube.ide.mcu.externaltools.gnu-tools-for-stm32.14.3.rel1.macosaarch64_1.0.0.202602081740/tools/bin/../lib/gcc/arm-none-eabi/14.3.1/../../../../arm-none-eabi/lib/thumb/v8-m.main+fp/hard/libc_nano.a(libc_a-memset.o)
                0x080051f8                memset
 .text.__libc_init_array
                0x08005208       0x48 /Applications/STM32CubeIDE.app/Contents/Eclipse/plugins/com.st.stm32cube.ide.mcu.externaltools.gnu-tools-for-stm32.14.3.rel1.macosaarch64_1.0.0.202602081740/tools/bin/../lib/gcc/arm-none-eabi/14.3.1/../../../../arm-none-eabi/lib/thumb/v8-m.main+fp/hard/libc_nano.a(libc_a-init.o)
                0x08005208                __libc_init_array
 *(.glue_7)
 .glue_7        0x08005250        0x0 linker stubs
 *(.glue_7t)
 .glue_7t       0x08005250        0x0 linker stubs
 *(.eh_frame)
 .eh_frame      0x08005250        0x0 /Applications/STM32CubeIDE.app/Contents/Eclipse/plugins/com.st.stm32cube.ide.mcu.externaltools.gnu-tools-for-stm32.14.3.rel1.macosaarch64_1.0.0.202602081740/tools/bin/../lib/gcc/arm-none-eabi/14.3.1/thumb/v8-m.main+fp/hard/crtbegin.o
 *(.init)
 .init          0x08005250        0x4 /Applications/STM32CubeIDE.app/Contents/Eclipse/plugins/com.st.stm32cube.ide.mcu.externaltools.gnu-tools-for-stm32.14.3.rel1.macosaarch64_1.0.0.202602081740/tools/bin/../lib/gcc/arm-none-eabi/14.3.1/thumb/v8-m.main+fp/hard/crti.o
                0x08005250                _init
 .init          0x08005254        0x8 /Applications/STM32CubeIDE.app/Contents/Eclipse/plugins/com.st.stm32cube.ide.mcu.externaltools.gnu-tools-for-stm32.14.3.rel1.macosaarch64_1.0.0.202602081740/tools/bin/../lib/gcc/arm-none-eabi/14.3.1/thumb/v8-m.main+fp/hard/crtn.o
 *(.fini)
 .fini          0x0800525c        0x4 /Applications/STM32CubeIDE.app/Contents/Eclipse/plugins/com.st.stm32cube.ide.mcu.externaltools.gnu-tools-for-stm32.14.3.rel1.macosaarch64_1.0.0.202602081740/tools/bin/../lib/gcc/arm-none-eabi/14.3.1/thumb/v8-m.main+fp/hard/crti.o
                0x0800525c                _fini
 .fini          0x08005260        0x8 /Applications/STM32CubeIDE.app/Contents/Eclipse/plugins/com.st.stm32cube.ide.mcu.externaltools.gnu-tools-for-stm32.14.3.rel1.macosaarch64_1.0.0.202602081740/tools/bin/../lib/gcc/arm-none-eabi/14.3.1/thumb/v8-m.main+fp/hard/crtn.o
                0x08005268                        _etext = .

.vfp11_veneer   0x08005268        0x0
 .vfp11_veneer  0x08005268        0x0 linker stubs

.v4_bx          0x08005268        0x0
 .v4_bx         0x08005268        0x0 linker stubs

.iplt           0x08005268        0x0
 .iplt          0x08005268        0x0 /Applications/STM32CubeIDE.app/Contents/Eclipse/plugins/com.st.stm32cube.ide.mcu.externaltools.gnu-tools-for-stm32.14.3.rel1.macosaarch64_1.0.0.202602081740/tools/bin/../lib/gcc/arm-none-eabi/14.3.1/thumb/v8-m.main+fp/hard/crtbegin.o

.rodata         0x08005268       0xe0
 *(.rodata)
 *(.rodata*)
 .rodata.AHBPrescTable
                0x08005268       0x10 ./Core/Src/system_stm32u5xx.o
                0x08005268                AHBPrescTable
 .rodata.MSIRangeTable
                0x08005278       0x40 ./Core/Src/system_stm32u5xx.o
                0x08005278                MSIRangeTable
 .rodata.DLCtoBytes
                0x080052b8       0x10 ./Drivers/STM32U5xx_HAL_Driver/Src/stm32u5xx_hal_fdcan.o
 .rodata.LPGPIO_Map
                0x080052c8       0x80 ./Drivers/STM32U5xx_HAL_Driver/Src/stm32u5xx_hal_gpio.o

.ARM.extab
 *(.ARM.extab* .gnu.linkonce.armextab.*)

.ARM            0x08005348        0x0
                0x08005348                        __exidx_start = .
 *(.ARM.exidx*)
                0x08005348                        __exidx_end = .

.preinit_array  0x08005348        0x0
                0x08005348                        PROVIDE (__preinit_array_start = .)
 *(.preinit_array*)
                0x08005348                        PROVIDE (__preinit_array_end = .)

.init_array     0x08005348        0x4
                0x08005348                        PROVIDE (__init_array_start = .)
 *(SORT_BY_NAME(.init_array.*))
 *(.init_array*)
 .init_array    0x08005348        0x4 /Applications/STM32CubeIDE.app/Contents/Eclipse/plugins/com.st.stm32cube.ide.mcu.externaltools.gnu-tools-for-stm32.14.3.rel1.macosaarch64_1.0.0.202602081740/tools/bin/../lib/gcc/arm-none-eabi/14.3.1/thumb/v8-m.main+fp/hard/crtbegin.o
                0x0800534c                        PROVIDE (__init_array_end = .)

.fini_array     0x0800534c        0x4
                [!provide]                        PROVIDE (__fini_array_start = .)
 *(SORT_BY_NAME(.fini_array.*))
 *(.fini_array*)
 .fini_array    0x0800534c        0x4 /Applications/STM32CubeIDE.app/Contents/Eclipse/plugins/com.st.stm32cube.ide.mcu.externaltools.gnu-tools-for-stm32.14.3.rel1.macosaarch64_1.0.0.202602081740/tools/bin/../lib/gcc/arm-none-eabi/14.3.1/thumb/v8-m.main+fp/hard/crtbegin.o
                [!provide]                        PROVIDE (__fini_array_end = .)
                0x08005350                        _sidata = LOADADDR (.data)

.rel.dyn        0x08005350        0x0
 .rel.iplt      0x08005350        0x0 /Applications/STM32CubeIDE.app/Contents/Eclipse/plugins/com.st.stm32cube.ide.mcu.externaltools.gnu-tools-for-stm32.14.3.rel1.macosaarch64_1.0.0.202602081740/tools/bin/../lib/gcc/arm-none-eabi/14.3.1/thumb/v8-m.main+fp/hard/crtbegin.o

.data           0x20000000        0x9 load address 0x08005350
                0x20000000                        _sdata = .
 *(.data)
 *(.data*)
 .data.SystemCoreClock
                0x20000000        0x4 ./Core/Src/system_stm32u5xx.o
                0x20000000                SystemCoreClock
 .data.uwTickPrio
                0x20000004        0x4 ./Drivers/STM32U5xx_HAL_Driver/Src/stm32u5xx_hal.o
                0x20000004                uwTickPrio
 .data.uwTickFreq
                0x20000008        0x1 ./Drivers/STM32U5xx_HAL_Driver/Src/stm32u5xx_hal.o
                0x20000008                uwTickFreq
 *(.RamFunc)
 *(.RamFunc*)
                0x20000009                        _edata = .

.igot.plt       0x2000000c        0x0 load address 0x08005359
 .igot.plt      0x2000000c        0x0 /Applications/STM32CubeIDE.app/Contents/Eclipse/plugins/com.st.stm32cube.ide.mcu.externaltools.gnu-tools-for-stm32.14.3.rel1.macosaarch64_1.0.0.202602081740/tools/bin/../lib/gcc/arm-none-eabi/14.3.1/thumb/v8-m.main+fp/hard/crtbegin.o

.bss            0x2000000c      0x578 load address 0x08005359
                0x2000000c                        _sbss = .
                0x2000000c                        __bss_start__ = _sbss
 *(.bss)
 .bss           0x2000000c       0x1c /Applications/STM32CubeIDE.app/Contents/Eclipse/plugins/com.st.stm32cube.ide.mcu.externaltools.gnu-tools-for-stm32.14.3.rel1.macosaarch64_1.0.0.202602081740/tools/bin/../lib/gcc/arm-none-eabi/14.3.1/thumb/v8-m.main+fp/hard/crtbegin.o
 *(.bss*)
 .bss.hfdcan1   0x20000028       0x64 ./Core/Src/main.o
                0x20000028                hfdcan1
 .bss.hi2c1     0x2000008c       0x54 ./Core/Src/main.o
                0x2000008c                hi2c1
 .bss.hi2c2     0x200000e0       0x54 ./Core/Src/main.o
                0x200000e0                hi2c2
 .bss.hspi1     0x20000134       0x90 ./Core/Src/main.o
                0x20000134                hspi1
 .bss.errorCounter
                0x200001c4        0x4 ./Core/Src/main.o
                0x200001c4                errorCounter
 .bss.txHeader  0x200001c8       0x24 ./Core/Src/main.o
                0x200001c8                txHeader
 .bss.txData    0x200001ec        0x8 ./Core/Src/main.o
                0x200001ec                txData
 .bss.last_heartbeat_time
                0x200001f4        0x4 ./Core/Src/main.o
                0x200001f4                last_heartbeat_time
 .bss.queue_head
                0x200001f8        0x1 ./Core/Src/main.o
                0x200001f8                queue_head
 .bss.queue_tail
                0x200001f9        0x1 ./Core/Src/main.o
                0x200001f9                queue_tail
 *fill*         0x200001fa        0x2 
 .bss.fdcan_queue
                0x200001fc      0x384 ./Core/Src/main.o
                0x200001fc                fdcan_queue
 .bss.uwTick    0x20000580        0x4 ./Drivers/STM32U5xx_HAL_Driver/Src/stm32u5xx_hal.o
                0x20000580                uwTick
 *(COMMON)
                0x20000584                        _ebss = .
                0x20000584                        __bss_end__ = _ebss

._user_heap_stack
                0x20000584      0x604 load address 0x08005359
                0x20000588                        . = ALIGN (0x8)
 *fill*         0x20000584        0x4 
                [!provide]                        PROVIDE (end = .)
                0x20000588                        PROVIDE (_end = .)
                0x20000788                        . = (. + _Min_Heap_Size)
 *fill*         0x20000588      0x200 
                0x20000b88                        . = (. + _Min_Stack_Size)
 *fill*         0x20000788      0x400 
                0x20000b88                        . = ALIGN (0x8)

/DISCARD/
 libc.a(*)
 libm.a(*)
 libgcc.a(*)

.ARM.attributes
                0x00000000       0x36
 *(.ARM.attributes)
 .ARM.attributes
                0x00000000       0x26 /Applications/STM32CubeIDE.app/Contents/Eclipse/plugins/com.st.stm32cube.ide.mcu.externaltools.gnu-tools-for-stm32.14.3.rel1.macosaarch64_1.0.0.202602081740/tools/bin/../lib/gcc/arm-none-eabi/14.3.1/thumb/v8-m.main+fp/hard/crti.o
 .ARM.attributes
                0x00000026       0x38 /Applications/STM32CubeIDE.app/Contents/Eclipse/plugins/com.st.stm32cube.ide.mcu.externaltools.gnu-tools-for-stm32.14.3.rel1.macosaarch64_1.0.0.202602081740/tools/bin/../lib/gcc/arm-none-eabi/14.3.1/thumb/v8-m.main+fp/hard/crtbegin.o
 .ARM.attributes
                0x0000005e       0x3a ./Core/Src/main.o
 .ARM.attributes
                0x00000098       0x3a ./Core/Src/stm32u5xx_hal_msp.o
 .ARM.attributes
                0x000000d2       0x3a ./Core/Src/stm32u5xx_it.o
 .ARM.attributes
                0x0000010c       0x3a ./Core/Src/system_stm32u5xx.o
 .ARM.attributes
                0x00000146       0x24 ./Core/Startup/startup_stm32u585citx.o
 .ARM.attributes
                0x0000016a       0x3a ./Drivers/STM32U5xx_HAL_Driver/Src/stm32u5xx_hal.o
 .ARM.attributes
                0x000001a4       0x3a ./Drivers/STM32U5xx_HAL_Driver/Src/stm32u5xx_hal_cortex.o
 .ARM.attributes
                0x000001de       0x3a ./Drivers/STM32U5xx_HAL_Driver/Src/stm32u5xx_hal_fdcan.o
 .ARM.attributes
                0x00000218       0x3a ./Drivers/STM32U5xx_HAL_Driver/Src/stm32u5xx_hal_gpio.o
 .ARM.attributes
                0x00000252       0x3a ./Drivers/STM32U5xx_HAL_Driver/Src/stm32u5xx_hal_i2c.o
 .ARM.attributes
                0x0000028c       0x3a ./Drivers/STM32U5xx_HAL_Driver/Src/stm32u5xx_hal_i2c_ex.o
 .ARM.attributes
                0x000002c6       0x3a ./Drivers/STM32U5xx_HAL_Driver/Src/stm32u5xx_hal_pwr_ex.o
 .ARM.attributes
                0x00000300       0x3a ./Drivers/STM32U5xx_HAL_Driver/Src/stm32u5xx_hal_rcc.o
 .ARM.attributes
                0x0000033a       0x3a ./Drivers/STM32U5xx_HAL_Driver/Src/stm32u5xx_hal_rcc_ex.o
 .ARM.attributes
                0x00000374       0x3a ./Drivers/STM32U5xx_HAL_Driver/Src/stm32u5xx_hal_spi.o
 .ARM.attributes
                0x000003ae       0x3a ./Drivers/STM32U5xx_HAL_Driver/Src/stm32u5xx_hal_spi_ex.o
 .ARM.attributes
                0x000003e8       0x38 /Applications/STM32CubeIDE.app/Contents/Eclipse/plugins/com.st.stm32cube.ide.mcu.externaltools.gnu-tools-for-stm32.14.3.rel1.macosaarch64_1.0.0.202602081740/tools/bin/../lib/gcc/arm-none-eabi/14.3.1/../../../../arm-none-eabi/lib/thumb/v8-m.main+fp/hard/libc_nano.a(libc_a-memset.o)
 .ARM.attributes
                0x00000420       0x38 /Applications/STM32CubeIDE.app/Contents/Eclipse/plugins/com.st.stm32cube.ide.mcu.externaltools.gnu-tools-for-stm32.14.3.rel1.macosaarch64_1.0.0.202602081740/tools/bin/../lib/gcc/arm-none-eabi/14.3.1/../../../../arm-none-eabi/lib/thumb/v8-m.main+fp/hard/libc_nano.a(libc_a-init.o)
 .ARM.attributes
                0x00000458       0x26 /Applications/STM32CubeIDE.app/Contents/Eclipse/plugins/com.st.stm32cube.ide.mcu.externaltools.gnu-tools-for-stm32.14.3.rel1.macosaarch64_1.0.0.202602081740/tools/bin/../lib/gcc/arm-none-eabi/14.3.1/thumb/v8-m.main+fp/hard/crtn.o
OUTPUT(mppt_card.elf elf32-littlearm)
LOAD linker stubs
LOAD /Applications/STM32CubeIDE.app/Contents/Eclipse/plugins/com.st.stm32cube.ide.mcu.externaltools.gnu-tools-for-stm32.14.3.rel1.macosaarch64_1.0.0.202602081740/tools/bin/../lib/gcc/arm-none-eabi/14.3.1/../../../../arm-none-eabi/lib/thumb/v8-m.main+fp/hard/libc.a
LOAD /Applications/STM32CubeIDE.app/Contents/Eclipse/plugins/com.st.stm32cube.ide.mcu.externaltools.gnu-tools-for-stm32.14.3.rel1.macosaarch64_1.0.0.202602081740/tools/bin/../lib/gcc/arm-none-eabi/14.3.1/../../../../arm-none-eabi/lib/thumb/v8-m.main+fp/hard/libm.a
LOAD /Applications/STM32CubeIDE.app/Contents/Eclipse/plugins/com.st.stm32cube.ide.mcu.externaltools.gnu-tools-for-stm32.14.3.rel1.macosaarch64_1.0.0.202602081740/tools/bin/../lib/gcc/arm-none-eabi/14.3.1/thumb/v8-m.main+fp/hard/libgcc.a

.debug_info     0x00000000    0x11582
 .debug_info    0x00000000     0x22ff ./Core/Src/main.o
 .debug_info    0x000022ff     0x1ae4 ./Core/Src/stm32u5xx_hal_msp.o
 .debug_info    0x00003de3      0x128 ./Core/Src/stm32u5xx_it.o
 .debug_info    0x00003f0b      0x929 ./Core/Src/system_stm32u5xx.o
 .debug_info    0x00004834       0x30 ./Core/Startup/startup_stm32u585citx.o
 .debug_info    0x00004864     0x120a ./Drivers/STM32U5xx_HAL_Driver/Src/stm32u5xx_hal.o
 .debug_info    0x00005a6e     0x1657 ./Drivers/STM32U5xx_HAL_Driver/Src/stm32u5xx_hal_cortex.o
 .debug_info    0x000070c5     0x1920 ./Drivers/STM32U5xx_HAL_Driver/Src/stm32u5xx_hal_fdcan.o
 .debug_info    0x000089e5      0x859 ./Drivers/STM32U5xx_HAL_Driver/Src/stm32u5xx_hal_gpio.o
 .debug_info    0x0000923e     0x232e ./Drivers/STM32U5xx_HAL_Driver/Src/stm32u5xx_hal_i2c.o
 .debug_info    0x0000b56c      0x9ff ./Drivers/STM32U5xx_HAL_Driver/Src/stm32u5xx_hal_i2c_ex.o
 .debug_info    0x0000bf6b      0xe3e ./Drivers/STM32U5xx_HAL_Driver/Src/stm32u5xx_hal_pwr_ex.o
 .debug_info    0x0000cda9     0x11f0 ./Drivers/STM32U5xx_HAL_Driver/Src/stm32u5xx_hal_rcc.o
 .debug_info    0x0000df99     0x158b ./Drivers/STM32U5xx_HAL_Driver/Src/stm32u5xx_hal_rcc_ex.o
 .debug_info    0x0000f524     0x15c7 ./Drivers/STM32U5xx_HAL_Driver/Src/stm32u5xx_hal_spi.o
 .debug_info    0x00010aeb      0xa97 ./Drivers/STM32U5xx_HAL_Driver/Src/stm32u5xx_hal_spi_ex.o

.debug_abbrev   0x00000000     0x213f
 .debug_abbrev  0x00000000      0x33c ./Core/Src/main.o
 .debug_abbrev  0x0000033c      0x241 ./Core/Src/stm32u5xx_hal_msp.o
 .debug_abbrev  0x0000057d       0x73 ./Core/Src/stm32u5xx_it.o
 .debug_abbrev  0x000005f0      0x129 ./Core/Src/system_stm32u5xx.o
 .debug_abbrev  0x00000719       0x24 ./Core/Startup/startup_stm32u585citx.o
 .debug_abbrev  0x0000073d      0x2a5 ./Drivers/STM32U5xx_HAL_Driver/Src/stm32u5xx_hal.o
 .debug_abbrev  0x000009e2      0x327 ./Drivers/STM32U5xx_HAL_Driver/Src/stm32u5xx_hal_cortex.o
 .debug_abbrev  0x00000d09      0x20b ./Drivers/STM32U5xx_HAL_Driver/Src/stm32u5xx_hal_fdcan.o
 .debug_abbrev  0x00000f14      0x25a ./Drivers/STM32U5xx_HAL_Driver/Src/stm32u5xx_hal_gpio.o
 .debug_abbrev  0x0000116e      0x271 ./Drivers/STM32U5xx_HAL_Driver/Src/stm32u5xx_hal_i2c.o
 .debug_abbrev  0x000013df      0x1c0 ./Drivers/STM32U5xx_HAL_Driver/Src/stm32u5xx_hal_i2c_ex.o
 .debug_abbrev  0x0000159f      0x215 ./Drivers/STM32U5xx_HAL_Driver/Src/stm32u5xx_hal_pwr_ex.o
 .debug_abbrev  0x000017b4      0x2cb ./Drivers/STM32U5xx_HAL_Driver/Src/stm32u5xx_hal_rcc.o
 .debug_abbrev  0x00001a7f      0x23d ./Drivers/STM32U5xx_HAL_Driver/Src/stm32u5xx_hal_rcc_ex.o
 .debug_abbrev  0x00001cbc      0x2bc ./Drivers/STM32U5xx_HAL_Driver/Src/stm32u5xx_hal_spi.o
 .debug_abbrev  0x00001f78      0x1c7 ./Drivers/STM32U5xx_HAL_Driver/Src/stm32u5xx_hal_spi_ex.o

.debug_aranges  0x00000000      0xfa8
 .debug_aranges
                0x00000000       0xb0 ./Core/Src/main.o
 .debug_aranges
                0x000000b0       0x50 ./Core/Src/stm32u5xx_hal_msp.o
 .debug_aranges
                0x00000100       0x60 ./Core/Src/stm32u5xx_it.o
 .debug_aranges
                0x00000160       0x28 ./Core/Src/system_stm32u5xx.o
 .debug_aranges
                0x00000188       0x28 ./Core/Startup/startup_stm32u585citx.o
 .debug_aranges
                0x000001b0      0x148 ./Drivers/STM32U5xx_HAL_Driver/Src/stm32u5xx_hal.o
 .debug_aranges
                0x000002f8      0x140 ./Drivers/STM32U5xx_HAL_Driver/Src/stm32u5xx_hal_cortex.o
 .debug_aranges
                0x00000438      0x208 ./Drivers/STM32U5xx_HAL_Driver/Src/stm32u5xx_hal_fdcan.o
 .debug_aranges
                0x00000640       0x78 ./Drivers/STM32U5xx_HAL_Driver/Src/stm32u5xx_hal_gpio.o
 .debug_aranges
                0x000006b8      0x2a0 ./Drivers/STM32U5xx_HAL_Driver/Src/stm32u5xx_hal_i2c.o
 .debug_aranges
                0x00000958       0x58 ./Drivers/STM32U5xx_HAL_Driver/Src/stm32u5xx_hal_i2c_ex.o
 .debug_aranges
                0x000009b0      0x200 ./Drivers/STM32U5xx_HAL_Driver/Src/stm32u5xx_hal_pwr_ex.o
 .debug_aranges
                0x00000bb0       0xa8 ./Drivers/STM32U5xx_HAL_Driver/Src/stm32u5xx_hal_rcc.o
 .debug_aranges
                0x00000c58      0x160 ./Drivers/STM32U5xx_HAL_Driver/Src/stm32u5xx_hal_rcc_ex.o
 .debug_aranges
                0x00000db8      0x1a8 ./Drivers/STM32U5xx_HAL_Driver/Src/stm32u5xx_hal_spi.o
 .debug_aranges
                0x00000f60       0x48 ./Drivers/STM32U5xx_HAL_Driver/Src/stm32u5xx_hal_spi_ex.o

.debug_rnglists
                0x00000000      0xc01
 .debug_rnglists
                0x00000000       0x8b ./Core/Src/main.o
 .debug_rnglists
                0x0000008b       0x3a ./Core/Src/stm32u5xx_hal_msp.o
 .debug_rnglists
                0x000000c5       0x43 ./Core/Src/stm32u5xx_it.o
 .debug_rnglists
                0x00000108       0x1a ./Core/Src/system_stm32u5xx.o
 .debug_rnglists
                0x00000122       0x19 ./Core/Startup/startup_stm32u585citx.o
 .debug_rnglists
                0x0000013b       0xf3 ./Drivers/STM32U5xx_HAL_Driver/Src/stm32u5xx_hal.o
 .debug_rnglists
                0x0000022e       0xec ./Drivers/STM32U5xx_HAL_Driver/Src/stm32u5xx_hal_cortex.o
 .debug_rnglists
                0x0000031a      0x18d ./Drivers/STM32U5xx_HAL_Driver/Src/stm32u5xx_hal_fdcan.o
 .debug_rnglists
                0x000004a7       0x5a ./Drivers/STM32U5xx_HAL_Driver/Src/stm32u5xx_hal_gpio.o
 .debug_rnglists
                0x00000501      0x228 ./Drivers/STM32U5xx_HAL_Driver/Src/stm32u5xx_hal_i2c.o
 .debug_rnglists
                0x00000729       0x43 ./Drivers/STM32U5xx_HAL_Driver/Src/stm32u5xx_hal_i2c_ex.o
 .debug_rnglists
                0x0000076c      0x186 ./Drivers/STM32U5xx_HAL_Driver/Src/stm32u5xx_hal_pwr_ex.o
 .debug_rnglists
                0x000008f2       0x7f ./Drivers/STM32U5xx_HAL_Driver/Src/stm32u5xx_hal_rcc.o
 .debug_rnglists
                0x00000971      0x113 ./Drivers/STM32U5xx_HAL_Driver/Src/stm32u5xx_hal_rcc_ex.o
 .debug_rnglists
                0x00000a84      0x148 ./Drivers/STM32U5xx_HAL_Driver/Src/stm32u5xx_hal_spi.o
 .debug_rnglists
                0x00000bcc       0x35 ./Drivers/STM32U5xx_HAL_Driver/Src/stm32u5xx_hal_spi_ex.o

.debug_macro    0x00000000    0x33235
 .debug_macro   0x00000000      0x2ea ./Core/Src/main.o
 .debug_macro   0x000002ea      0xade ./Core/Src/main.o
 .debug_macro   0x00000dc8      0x201 ./Core/Src/main.o
 .debug_macro   0x00000fc9       0x2e ./Core/Src/main.o
 .debug_macro   0x00000ff7       0x42 ./Core/Src/main.o
 .debug_macro   0x00001039       0x22 ./Core/Src/main.o
 .debug_macro   0x0000105b       0x8e ./Core/Src/main.o
 .debug_macro   0x000010e9       0x51 ./Core/Src/main.o
 .debug_macro   0x0000113a      0x103 ./Core/Src/main.o
 .debug_macro   0x0000123d       0x6a ./Core/Src/main.o
 .debug_macro   0x000012a7      0x1df ./Core/Src/main.o
 .debug_macro   0x00001486       0x1c ./Core/Src/main.o
 .debug_macro   0x000014a2       0x29 ./Core/Src/main.o
 .debug_macro   0x000014cb       0xfb ./Core/Src/main.o
 .debug_macro   0x000015c6     0x1685 ./Core/Src/main.o
 .debug_macro   0x00002c4b       0x5e ./Core/Src/main.o
 .debug_macro   0x00002ca9    0x23d05 ./Core/Src/main.o
 .debug_macro   0x000269ae       0x6d ./Core/Src/main.o
 .debug_macro   0x00026a1b     0x393e ./Core/Src/main.o
 .debug_macro   0x0002a359      0x190 ./Core/Src/main.o
 .debug_macro   0x0002a4e9       0x61 ./Core/Src/main.o
 .debug_macro   0x0002a54a       0x2a ./Core/Src/main.o
 .debug_macro   0x0002a574       0x43 ./Core/Src/main.o
 .debug_macro   0x0002a5b7       0x34 ./Core/Src/main.o
 .debug_macro   0x0002a5eb      0x364 ./Core/Src/main.o
 .debug_macro   0x0002a94f       0x16 ./Core/Src/main.o
 .debug_macro   0x0002a965       0x4a ./Core/Src/main.o
 .debug_macro   0x0002a9af       0x34 ./Core/Src/main.o
 .debug_macro   0x0002a9e3       0x10 ./Core/Src/main.o
 .debug_macro   0x0002a9f3       0x58 ./Core/Src/main.o
 .debug_macro   0x0002aa4b       0x8e ./Core/Src/main.o
 .debug_macro   0x0002aad9       0x1c ./Core/Src/main.o
 .debug_macro   0x0002aaf5      0x17e ./Core/Src/main.o
 .debug_macro   0x0002ac73      0x19b ./Core/Src/main.o
 .debug_macro   0x0002ae0e       0x5d ./Core/Src/main.o
 .debug_macro   0x0002ae6b     0x1bfd ./Core/Src/main.o
 .debug_macro   0x0002ca68      0x7ff ./Core/Src/main.o
 .debug_macro   0x0002d267      0x166 ./Core/Src/main.o
 .debug_macro   0x0002d3cd      0x2aa ./Core/Src/main.o
 .debug_macro   0x0002d677      0x5a5 ./Core/Src/main.o
 .debug_macro   0x0002dc1c      0x439 ./Core/Src/main.o
 .debug_macro   0x0002e055       0xd6 ./Core/Src/main.o
 .debug_macro   0x0002e12b      0x1cd ./Core/Src/main.o
 .debug_macro   0x0002e2f8      0x432 ./Core/Src/main.o
 .debug_macro   0x0002e72a       0x95 ./Core/Src/main.o
 .debug_macro   0x0002e7bf      0x11c ./Core/Src/main.o
 .debug_macro   0x0002e8db      0x23a ./Core/Src/main.o
 .debug_macro   0x0002eb15      0x123 ./Core/Src/main.o
 .debug_macro   0x0002ec38       0xa5 ./Core/Src/main.o
 .debug_macro   0x0002ecdd      0x525 ./Core/Src/main.o
 .debug_macro   0x0002f202      0x4bf ./Core/Src/main.o
 .debug_macro   0x0002f6c1      0x5cf ./Core/Src/main.o
 .debug_macro   0x0002fc90       0xee ./Core/Src/main.o
 .debug_macro   0x0002fd7e       0xeb ./Core/Src/main.o
 .debug_macro   0x0002fe69      0x1c0 ./Core/Src/main.o
 .debug_macro   0x00030029      0x6bd ./Core/Src/main.o
 .debug_macro   0x000306e6      0x361 ./Core/Src/main.o
 .debug_macro   0x00030a47       0x10 ./Core/Src/main.o
 .debug_macro   0x00030a57      0x290 ./Core/Src/stm32u5xx_hal_msp.o
 .debug_macro   0x00030ce7      0x29a ./Core/Src/stm32u5xx_it.o
 .debug_macro   0x00030f81      0x288 ./Core/Src/system_stm32u5xx.o
 .debug_macro   0x00031209      0x2a5 ./Drivers/STM32U5xx_HAL_Driver/Src/stm32u5xx_hal.o
 .debug_macro   0x000314ae      0x281 ./Drivers/STM32U5xx_HAL_Driver/Src/stm32u5xx_hal_cortex.o
 .debug_macro   0x0003172f      0x393 ./Drivers/STM32U5xx_HAL_Driver/Src/stm32u5xx_hal_fdcan.o
 .debug_macro   0x00031ac2      0x2b6 ./Drivers/STM32U5xx_HAL_Driver/Src/stm32u5xx_hal_gpio.o
 .debug_macro   0x00031d78      0x34d ./Drivers/STM32U5xx_HAL_Driver/Src/stm32u5xx_hal_i2c.o
 .debug_macro   0x000320c5      0x281 ./Drivers/STM32U5xx_HAL_Driver/Src/stm32u5xx_hal_i2c_ex.o
 .debug_macro   0x00032346      0x2ac ./Drivers/STM32U5xx_HAL_Driver/Src/stm32u5xx_hal_pwr_ex.o
 .debug_macro   0x000325f2      0x387 ./Drivers/STM32U5xx_HAL_Driver/Src/stm32u5xx_hal_rcc.o
 .debug_macro   0x00032979      0x3b2 ./Drivers/STM32U5xx_HAL_Driver/Src/stm32u5xx_hal_rcc_ex.o
 .debug_macro   0x00032d2b      0x289 ./Drivers/STM32U5xx_HAL_Driver/Src/stm32u5xx_hal_spi.o
 .debug_macro   0x00032fb4      0x281 ./Drivers/STM32U5xx_HAL_Driver/Src/stm32u5xx_hal_spi_ex.o

.debug_line     0x00000000    0x13150
 .debug_line    0x00000000      0xff3 ./Core/Src/main.o
 .debug_line    0x00000ff3      0x9c8 ./Core/Src/stm32u5xx_hal_msp.o
 .debug_line    0x000019bb      0x8f2 ./Core/Src/stm32u5xx_it.o
 .debug_line    0x000022ad      0x947 ./Core/Src/system_stm32u5xx.o
 .debug_line    0x00002bf4       0x79 ./Core/Startup/startup_stm32u585citx.o
 .debug_line    0x00002c6d      0xcec ./Drivers/STM32U5xx_HAL_Driver/Src/stm32u5xx_hal.o
 .debug_line    0x00003959      0xe96 ./Drivers/STM32U5xx_HAL_Driver/Src/stm32u5xx_hal_cortex.o
 .debug_line    0x000047ef     0x19b5 ./Drivers/STM32U5xx_HAL_Driver/Src/stm32u5xx_hal_fdcan.o
 .debug_line    0x000061a4      0xdf5 ./Drivers/STM32U5xx_HAL_Driver/Src/stm32u5xx_hal_gpio.o
 .debug_line    0x00006f99     0x3b99 ./Drivers/STM32U5xx_HAL_Driver/Src/stm32u5xx_hal_i2c.o
 .debug_line    0x0000ab32      0xa93 ./Drivers/STM32U5xx_HAL_Driver/Src/stm32u5xx_hal_i2c_ex.o
 .debug_line    0x0000b5c5     0x11d3 ./Drivers/STM32U5xx_HAL_Driver/Src/stm32u5xx_hal_pwr_ex.o
 .debug_line    0x0000c798     0x16d4 ./Drivers/STM32U5xx_HAL_Driver/Src/stm32u5xx_hal_rcc.o
 .debug_line    0x0000de6c     0x2339 ./Drivers/STM32U5xx_HAL_Driver/Src/stm32u5xx_hal_rcc_ex.o
 .debug_line    0x000101a5     0x2585 ./Drivers/STM32U5xx_HAL_Driver/Src/stm32u5xx_hal_spi.o
 .debug_line    0x0001272a      0xa26 ./Drivers/STM32U5xx_HAL_Driver/Src/stm32u5xx_hal_spi_ex.o

.debug_str      0x00000000   0x143df9
 .debug_str     0x00000000   0x143df9 ./Core/Src/main.o
                             0x13c4f5 (size before relaxing)
 .debug_str     0x00143df9   0x13bf8a ./Core/Src/stm32u5xx_hal_msp.o
 .debug_str     0x00143df9   0x13ad46 ./Core/Src/stm32u5xx_it.o
 .debug_str     0x00143df9   0x13b075 ./Core/Src/system_stm32u5xx.o
 .debug_str     0x00143df9       0x82 ./Core/Startup/startup_stm32u585citx.o
 .debug_str     0x00143df9   0x13bf21 ./Drivers/STM32U5xx_HAL_Driver/Src/stm32u5xx_hal.o
 .debug_str     0x00143df9   0x13bcf0 ./Drivers/STM32U5xx_HAL_Driver/Src/stm32u5xx_hal_cortex.o
 .debug_str     0x00143df9   0x13c469 ./Drivers/STM32U5xx_HAL_Driver/Src/stm32u5xx_hal_fdcan.o
 .debug_str     0x00143df9   0x13b09a ./Drivers/STM32U5xx_HAL_Driver/Src/stm32u5xx_hal_gpio.o
 .debug_str     0x00143df9   0x13c2c3 ./Drivers/STM32U5xx_HAL_Driver/Src/stm32u5xx_hal_i2c.o
 .debug_str     0x00143df9   0x13b4ab ./Drivers/STM32U5xx_HAL_Driver/Src/stm32u5xx_hal_i2c_ex.o
 .debug_str     0x00143df9   0x13b7b5 ./Drivers/STM32U5xx_HAL_Driver/Src/stm32u5xx_hal_pwr_ex.o
 .debug_str     0x00143df9   0x13c76a ./Drivers/STM32U5xx_HAL_Driver/Src/stm32u5xx_hal_rcc.o
 .debug_str     0x00143df9   0x13da5d ./Drivers/STM32U5xx_HAL_Driver/Src/stm32u5xx_hal_rcc_ex.o
 .debug_str     0x00143df9   0x13b969 ./Drivers/STM32U5xx_HAL_Driver/Src/stm32u5xx_hal_spi.o
 .debug_str     0x00143df9   0x13b4d9 ./Drivers/STM32U5xx_HAL_Driver/Src/stm32u5xx_hal_spi_ex.o

.comment        0x00000000       0x43
 .comment       0x00000000       0x43 ./Core/Src/main.o
                                 0x44 (size before relaxing)
 .comment       0x00000043       0x44 ./Core/Src/stm32u5xx_hal_msp.o
 .comment       0x00000043       0x44 ./Core/Src/stm32u5xx_it.o
 .comment       0x00000043       0x44 ./Core/Src/system_stm32u5xx.o
 .comment       0x00000043       0x44 ./Drivers/STM32U5xx_HAL_Driver/Src/stm32u5xx_hal.o
 .comment       0x00000043       0x44 ./Drivers/STM32U5xx_HAL_Driver/Src/stm32u5xx_hal_cortex.o
 .comment       0x00000043       0x44 ./Drivers/STM32U5xx_HAL_Driver/Src/stm32u5xx_hal_fdcan.o
 .comment       0x00000043       0x44 ./Drivers/STM32U5xx_HAL_Driver/Src/stm32u5xx_hal_gpio.o
 .comment       0x00000043       0x44 ./Drivers/STM32U5xx_HAL_Driver/Src/stm32u5xx_hal_i2c.o
 .comment       0x00000043       0x44 ./Drivers/STM32U5xx_HAL_Driver/Src/stm32u5xx_hal_i2c_ex.o
 .comment       0x00000043       0x44 ./Drivers/STM32U5xx_HAL_Driver/Src/stm32u5xx_hal_pwr_ex.o
 .comment       0x00000043       0x44 ./Drivers/STM32U5xx_HAL_Driver/Src/stm32u5xx_hal_rcc.o
 .comment       0x00000043       0x44 ./Drivers/STM32U5xx_HAL_Driver/Src/stm32u5xx_hal_rcc_ex.o
 .comment       0x00000043       0x44 ./Drivers/STM32U5xx_HAL_Driver/Src/stm32u5xx_hal_spi.o
 .comment       0x00000043       0x44 ./Drivers/STM32U5xx_HAL_Driver/Src/stm32u5xx_hal_spi_ex.o

.debug_frame    0x00000000     0x3e14
 .debug_frame   0x00000000      0x2ac ./Core/Src/main.o
 .debug_frame   0x000002ac      0x118 ./Core/Src/stm32u5xx_hal_msp.o
 .debug_frame   0x000003c4       0xf8 ./Core/Src/stm32u5xx_it.o
 .debug_frame   0x000004bc       0x50 ./Core/Src/system_stm32u5xx.o
 .debug_frame   0x0000050c      0x480 ./Drivers/STM32U5xx_HAL_Driver/Src/stm32u5xx_hal.o
 .debug_frame   0x0000098c      0x508 ./Drivers/STM32U5xx_HAL_Driver/Src/stm32u5xx_hal_cortex.o
 .debug_frame   0x00000e94      0x8d0 ./Drivers/STM32U5xx_HAL_Driver/Src/stm32u5xx_hal_fdcan.o
 .debug_frame   0x00001764      0x1c0 ./Drivers/STM32U5xx_HAL_Driver/Src/stm32u5xx_hal_gpio.o
 .debug_frame   0x00001924      0xbf4 ./Drivers/STM32U5xx_HAL_Driver/Src/stm32u5xx_hal_i2c.o
 .debug_frame   0x00002518      0x130 ./Drivers/STM32U5xx_HAL_Driver/Src/stm32u5xx_hal_i2c_ex.o
 .debug_frame   0x00002648      0x764 ./Drivers/STM32U5xx_HAL_Driver/Src/stm32u5xx_hal_pwr_ex.o
 .debug_frame   0x00002dac      0x268 ./Drivers/STM32U5xx_HAL_Driver/Src/stm32u5xx_hal_rcc.o
 .debug_frame   0x00003014      0x590 ./Drivers/STM32U5xx_HAL_Driver/Src/stm32u5xx_hal_rcc_ex.o
 .debug_frame   0x000035a4      0x73c ./Drivers/STM32U5xx_HAL_Driver/Src/stm32u5xx_hal_spi.o
 .debug_frame   0x00003ce0       0xe8 ./Drivers/STM32U5xx_HAL_Driver/Src/stm32u5xx_hal_spi_ex.o
 .debug_frame   0x00003dc8       0x20 /Applications/STM32CubeIDE.app/Contents/Eclipse/plugins/com.st.stm32cube.ide.mcu.externaltools.gnu-tools-for-stm32.14.3.rel1.macosaarch64_1.0.0.202602081740/tools/bin/../lib/gcc/arm-none-eabi/14.3.1/../../../../arm-none-eabi/lib/thumb/v8-m.main+fp/hard/libc_nano.a(libc_a-memset.o)
 .debug_frame   0x00003de8       0x2c /Applications/STM32CubeIDE.app/Contents/Eclipse/plugins/com.st.stm32cube.ide.mcu.externaltools.gnu-tools-for-stm32.14.3.rel1.macosaarch64_1.0.0.202602081740/tools/bin/../lib/gcc/arm-none-eabi/14.3.1/../../../../arm-none-eabi/lib/thumb/v8-m.main+fp/hard/libc_nano.a(libc_a-init.o)

.debug_line_str
                0x00000000       0x66
 .debug_line_str
                0x00000000       0x66 ./Core/Startup/startup_stm32u585citx.o
