Archive member included to satisfy reference by file (symbol)

/Applications/STM32CubeIDE.app/Contents/Eclipse/plugins/com.st.stm32cube.ide.mcu.externaltools.gnu-tools-for-stm32.14.3.rel1.macosaarch64_1.0.0.202602081740/tools/bin/../lib/gcc/arm-none-eabi/14.3.1/../../../../arm-none-eabi/lib/thumb/v8-m.main+fp/hard/libc_nano.a(libc_a-exit.o)
                              /Applications/STM32CubeIDE.app/Contents/Eclipse/plugins/com.st.stm32cube.ide.mcu.externaltools.gnu-tools-for-stm32.14.3.rel1.macosaarch64_1.0.0.202602081740/tools/bin/../lib/gcc/arm-none-eabi/14.3.1/../../../../arm-none-eabi/lib/thumb/v8-m.main+fp/hard/crt0.o (exit)
/Applications/STM32CubeIDE.app/Contents/Eclipse/plugins/com.st.stm32cube.ide.mcu.externaltools.gnu-tools-for-stm32.14.3.rel1.macosaarch64_1.0.0.202602081740/tools/bin/../lib/gcc/arm-none-eabi/14.3.1/../../../../arm-none-eabi/lib/thumb/v8-m.main+fp/hard/libc_nano.a(libc_a-findfp.o)
                              /Applications/STM32CubeIDE.app/Contents/Eclipse/plugins/com.st.stm32cube.ide.mcu.externaltools.gnu-tools-for-stm32.14.3.rel1.macosaarch64_1.0.0.202602081740/tools/bin/../lib/gcc/arm-none-eabi/14.3.1/../../../../arm-none-eabi/lib/thumb/v8-m.main+fp/hard/libc_nano.a(libc_a-exit.o) (__stdio_exit_handler)
/Applications/STM32CubeIDE.app/Contents/Eclipse/plugins/com.st.stm32cube.ide.mcu.externaltools.gnu-tools-for-stm32.14.3.rel1.macosaarch64_1.0.0.202602081740/tools/bin/../lib/gcc/arm-none-eabi/14.3.1/../../../../arm-none-eabi/lib/thumb/v8-m.main+fp/hard/libc_nano.a(libc_a-fwalk.o)
                              /Applications/STM32CubeIDE.app/Contents/Eclipse/plugins/com.st.stm32cube.ide.mcu.externaltools.gnu-tools-for-stm32.14.3.rel1.macosaarch64_1.0.0.202602081740/tools/bin/../lib/gcc/arm-none-eabi/14.3.1/../../../../arm-none-eabi/lib/thumb/v8-m.main+fp/hard/libc_nano.a(libc_a-findfp.o) (_fwalk_sglue)
/Applications/STM32CubeIDE.app/Contents/Eclipse/plugins/com.st.stm32cube.ide.mcu.externaltools.gnu-tools-for-stm32.14.3.rel1.macosaarch64_1.0.0.202602081740/tools/bin/../lib/gcc/arm-none-eabi/14.3.1/../../../../arm-none-eabi/lib/thumb/v8-m.main+fp/hard/libc_nano.a(libc_a-memset.o)
                              /Applications/STM32CubeIDE.app/Contents/Eclipse/plugins/com.st.stm32cube.ide.mcu.externaltools.gnu-tools-for-stm32.14.3.rel1.macosaarch64_1.0.0.202602081740/tools/bin/../lib/gcc/arm-none-eabi/14.3.1/../../../../arm-none-eabi/lib/thumb/v8-m.main+fp/hard/crt0.o (memset)
/Applications/STM32CubeIDE.app/Contents/Eclipse/plugins/com.st.stm32cube.ide.mcu.externaltools.gnu-tools-for-stm32.14.3.rel1.macosaarch64_1.0.0.202602081740/tools/bin/../lib/gcc/arm-none-eabi/14.3.1/../../../../arm-none-eabi/lib/thumb/v8-m.main+fp/hard/libc_nano.a(libc_a-errno.o)
                              ./Core/Src/syscalls.o (__errno)
/Applications/STM32CubeIDE.app/Contents/Eclipse/plugins/com.st.stm32cube.ide.mcu.externaltools.gnu-tools-for-stm32.14.3.rel1.macosaarch64_1.0.0.202602081740/tools/bin/../lib/gcc/arm-none-eabi/14.3.1/../../../../arm-none-eabi/lib/thumb/v8-m.main+fp/hard/libc_nano.a(libc_a-init.o)
                              /Applications/STM32CubeIDE.app/Contents/Eclipse/plugins/com.st.stm32cube.ide.mcu.externaltools.gnu-tools-for-stm32.14.3.rel1.macosaarch64_1.0.0.202602081740/tools/bin/../lib/gcc/arm-none-eabi/14.3.1/../../../../arm-none-eabi/lib/thumb/v8-m.main+fp/hard/crt0.o (__libc_init_array)
/Applications/STM32CubeIDE.app/Contents/Eclipse/plugins/com.st.stm32cube.ide.mcu.externaltools.gnu-tools-for-stm32.14.3.rel1.macosaarch64_1.0.0.202602081740/tools/bin/../lib/gcc/arm-none-eabi/14.3.1/../../../../arm-none-eabi/lib/thumb/v8-m.main+fp/hard/libc_nano.a(libc_a-lock.o)
                              /Applications/STM32CubeIDE.app/Contents/Eclipse/plugins/com.st.stm32cube.ide.mcu.externaltools.gnu-tools-for-stm32.14.3.rel1.macosaarch64_1.0.0.202602081740/tools/bin/../lib/gcc/arm-none-eabi/14.3.1/../../../../arm-none-eabi/lib/thumb/v8-m.main+fp/hard/libc_nano.a(libc_a-findfp.o) (__retarget_lock_init_recursive)
/Applications/STM32CubeIDE.app/Contents/Eclipse/plugins/com.st.stm32cube.ide.mcu.externaltools.gnu-tools-for-stm32.14.3.rel1.macosaarch64_1.0.0.202602081740/tools/bin/../lib/gcc/arm-none-eabi/14.3.1/../../../../arm-none-eabi/lib/thumb/v8-m.main+fp/hard/libc_nano.a(libc_a-impure.o)
                              /Applications/STM32CubeIDE.app/Contents/Eclipse/plugins/com.st.stm32cube.ide.mcu.externaltools.gnu-tools-for-stm32.14.3.rel1.macosaarch64_1.0.0.202602081740/tools/bin/../lib/gcc/arm-none-eabi/14.3.1/../../../../arm-none-eabi/lib/thumb/v8-m.main+fp/hard/libc_nano.a(libc_a-errno.o) (_impure_ptr)
/Applications/STM32CubeIDE.app/Contents/Eclipse/plugins/com.st.stm32cube.ide.mcu.externaltools.gnu-tools-for-stm32.14.3.rel1.macosaarch64_1.0.0.202602081740/tools/bin/../lib/gcc/arm-none-eabi/14.3.1/../../../../arm-none-eabi/lib/thumb/v8-m.main+fp/hard/libc_nano.a(libc_a-mallocr.o)
[...]
Memory Configuration

Name             Origin             Length             Attributes
RAM              0x20000000         0x000c0000         xrw
SRAM4            0x28000000         0x00004000         xrw
FLASH            0x08000000         0x00200000         xr
*default*        0x00000000         0xffffffff

Linker script and memory map

LOAD /Applications/STM32CubeIDE.app/Contents/Eclipse/plugins/com.st.stm32cube.ide.mcu.externaltools.gnu-tools-for-stm32.14.3.rel1.macosaarch64_1.0.0.202602081740/tools/bin/../lib/gcc/arm-none-eabi/14.3.1/thumb/v8-m.main+fp/hard/crti.o
LOAD /Applications/STM32CubeIDE.app/Contents/Eclipse/plugins/com.st.stm32cube.ide.mcu.externaltools.gnu-tools-for-stm32.14.3.rel1.macosaarch64_1.0.0.202602081740/tools/bin/../lib/gcc/arm-none-eabi/14.3.1/thumb/v8-m.main+fp/hard/crtbegin.o
LOAD /Applications/STM32CubeIDE.app/Contents/Eclipse/plugins/com.st.stm32cube.ide.mcu.externaltools.gnu-tools-for-stm32.14.3.rel1.macosaarch64_1.0.0.202602081740/tools/bin/../lib/gcc/arm-none-eabi/14.3.1/../../../../arm-none-eabi/lib/thumb/v8-m.main+fp/hard/crt0.o
LOAD ./Core/Src/main.o
LOAD ./Core/Src/stm32u5xx_hal_msp.o
LOAD ./Core/Src/stm32u5xx_it.o
LOAD ./Core/Src/syscalls.o
LOAD ./Core/Src/sysmem.o
LOAD ./Core/Src/system_stm32u5xx.o
LOAD ./Core/Startup/startup_stm32u585citx.o
LOAD ./Drivers/STM32U5xx_HAL_Driver/Src/stm32u5xx_hal.o
LOAD ./Drivers/STM32U5xx_HAL_Driver/Src/stm32u5xx_hal_cortex.o
LOAD ./Drivers/STM32U5xx_HAL_Driver/Src/stm32u5xx_hal_dma.o
LOAD ./Drivers/STM32U5xx_HAL_Driver/Src/stm32u5xx_hal_dma_ex.o
LOAD ./Drivers/STM32U5xx_HAL_Driver/Src/stm32u5xx_hal_exti.o
LOAD ./Drivers/STM32U5xx_HAL_Driver/Src/stm32u5xx_hal_fdcan.o
LOAD ./Drivers/STM32U5xx_HAL_Driver/Src/stm32u5xx_hal_flash.o
LOAD ./Drivers/STM32U5xx_HAL_Driver/Src/stm32u5xx_hal_flash_ex.o
LOAD ./Drivers/STM32U5xx_HAL_Driver/Src/stm32u5xx_hal_gpio.o
LOAD ./Drivers/STM32U5xx_HAL_Driver/Src/stm32u5xx_hal_gtzc.o
LOAD ./Drivers/STM32U5xx_HAL_Driver/Src/stm32u5xx_hal_i2c.o
LOAD ./Drivers/STM32U5xx_HAL_Driver/Src/stm32u5xx_hal_i2c_ex.o
LOAD ./Drivers/STM32U5xx_HAL_Driver/Src/stm32u5xx_hal_icache.o
LOAD ./Drivers/STM32U5xx_HAL_Driver/Src/stm32u5xx_hal_pwr.o
LOAD ./Drivers/STM32U5xx_HAL_Driver/Src/stm32u5xx_hal_pwr_ex.o
LOAD ./Drivers/STM32U5xx_HAL_Driver/Src/stm32u5xx_hal_rcc.o
LOAD ./Drivers/STM32U5xx_HAL_Driver/Src/stm32u5xx_hal_rcc_ex.o
LOAD ./Drivers/STM32U5xx_HAL_Driver/Src/stm32u5xx_hal_spi.o
LOAD ./Drivers/STM32U5xx_HAL_Driver/Src/stm32u5xx_hal_spi_ex.o
START GROUP
LOAD /Applications/STM32CubeIDE.app/Contents/Eclipse/plugins/com.st.stm32cube.ide.mcu.externaltools.gnu-tools-for-stm32.14.3.rel1.macosaarch64_1.0.0.202602081740/tools/bin/../lib/gcc/arm-none-eabi/14.3.1/../../../../arm-none-eabi/lib/thumb/v8-m.main+fp/hard/libc_nano.a
LOAD /Applications/STM32CubeIDE.app/Contents/Eclipse/plugins/com.st.stm32cube.ide.mcu.externaltools.gnu-tools-for-stm32.14.3.rel1.macosaarch64_1.0.0.202602081740/tools/bin/../lib/gcc/arm-none-eabi/14.3.1/../../../../arm-none-eabi/lib/thumb/v8-m.main+fp/hard/libm.a
END GROUP
START GROUP
LOAD /Applications/STM32CubeIDE.app/Contents/Eclipse/plugins/com.st.stm32cube.ide.mcu.externaltools.gnu-tools-for-stm32.14.3.rel1.macosaarch64_1.0.0.202602081740/tools/bin/../lib/gcc/arm-none-eabi/14.3.1/thumb/v8-m.main+fp/hard/libgcc.a
LOAD /Applications/STM32CubeIDE.app/Contents/Eclipse/plugins/com.st.stm32cube.ide.mcu.externaltools.gnu-tools-for-stm32.14.3.rel1.macosaarch64_1.0.0.202602081740/tools/bin/../lib/gcc/arm-none-eabi/14.3.1/../../../../arm-none-eabi/lib/thumb/v8-m.main+fp/hard/libc_nano.a
END GROUP
START GROUP
LOAD /Applications/STM32CubeIDE.app/Contents/Eclipse/plugins/com.st.stm32cube.ide.mcu.externaltools.gnu-tools-for-stm32.14.3.rel1.macosaarch64_1.0.0.202602081740/tools/bin/../lib/gcc/arm-none-eabi/14.3.1/thumb/v8-m.main+fp/hard/libgcc.a
LOAD /Applications/STM32CubeIDE.app/Contents/Eclipse/plugins/com.st.stm32cube.ide.mcu.externaltools.gnu-tools-for-stm32.14.3.rel1.macosaarch64_1.0.0.202602081740/tools/bin/../lib/gcc/arm-none-eabi/14.3.1/../../../../arm-none-eabi/lib/thumb/v8-m.main+fp/hard/libc_nano.a
LOAD /Applications/STM32CubeIDE.app/Contents/Eclipse/plugins/com.st.stm32cube.ide.mcu.externaltools.gnu-tools-for-stm32.14.3.rel1.macosaarch64_1.0.0.202602081740/tools/bin/../lib/gcc/arm-none-eabi/14.3.1/../../../../arm-none-eabi/lib/thumb/v8-m.main+fp/hard/libnosys.a
END GROUP
START GROUP
LOAD /Applications/STM32CubeIDE.app/Contents/Eclipse/plugins/com.st.stm32cube.ide.mcu.externaltools.gnu-tools-for-stm32.14.3.rel1.macosaarch64_1.0.0.202602081740/tools/bin/../lib/gcc/arm-none-eabi/14.3.1/thumb/v8-m.main+fp/hard/libgcc.a
LOAD /Applications/STM32CubeIDE.app/Contents/Eclipse/plugins/com.st.stm32cube.ide.mcu.externaltools.gnu-tools-for-stm32.14.3.rel1.macosaarch64_1.0.0.202602081740/tools/bin/../lib/gcc/arm-none-eabi/14.3.1/../../../../arm-none-eabi/lib/thumb/v8-m.main+fp/hard/libc_nano.a
LOAD /Applications/STM32CubeIDE.app/Contents/Eclipse/plugins/com.st.stm32cube.ide.mcu.externaltools.gnu-tools-for-stm32.14.3.rel1.macosaarch64_1.0.0.202602081740/tools/bin/../lib/gcc/arm-none-eabi/14.3.1/../../../../arm-none-eabi/lib/thumb/v8-m.main+fp/hard/libnosys.a
END GROUP
LOAD /Applications/STM32CubeIDE.app/Contents/Eclipse/plugins/com.st.stm32cube.ide.mcu.externaltools.gnu-tools-for-stm32.14.3.rel1.macosaarch64_1.0.0.202602081740/tools/bin/../lib/gcc/arm-none-eabi/14.3.1/thumb/v8-m.main+fp/hard/crtend.o
LOAD /Applications/STM32CubeIDE.app/Contents/Eclipse/plugins/com.st.stm32cube.ide.mcu.externaltools.gnu-tools-for-stm32.14.3.rel1.macosaarch64_1.0.0.202602081740/tools/bin/../lib/gcc/arm-none-eabi/14.3.1/thumb/v8-m.main+fp/hard/crtn.o
                0x200c0000                        _estack = (ORIGIN (RAM) + LENGTH (RAM))
                0x200bfc00                        _sstack = (_estack - _Min_Stack_Size)
                0x00000200                        _Min_Heap_Size = 0x200
                0x00000400                        _Min_Stack_Size = 0x400

.isr_vector     0x08000000      0x238
 *(.isr_vector)
 .isr_vector    0x08000000      0x238 ./Core/Startup/startup_stm32u585citx.o
                0x08000000                g_pfnVectors

.text           0x08000238     0x55dc
 *(.text)
 .text          0x08000238       0x40 /Applications/STM32CubeIDE.app/Contents/Eclipse/plugins/com.st.stm32cube.ide.mcu.externaltools.gnu-tools-for-stm32.14.3.rel1.macosaarch64_1.0.0.202602081740/tools/bin/../lib/gcc/arm-none-eabi/14.3.1/thumb/v8-m.main+fp/hard/crtbegin.o
 *(.text*)
 .text.Build_FDCAN_ID_FromStruct
                0x08000278       0x7c ./Core/Src/main.o
                0x08000278                Build_FDCAN_ID_FromStruct
 .text.MPPT_Send_Heartbeat
                0x080002f4       0x84 ./Core/Src/main.o
                0x080002f4                MPPT_Send_Heartbeat
 .text.FDCAN_QueuePop
                0x08000378       0x8c ./Core/Src/main.o
                0x08000378                FDCAN_QueuePop
 .text.FDCAN_ProcessQueue
                0x08000404       0x3c ./Core/Src/main.o
                0x08000404                FDCAN_ProcessQueue
 .text.FDCAN_Bytes_To_DLC
                0x08000440       0x68 ./Core/Src/main.o
                0x08000440                FDCAN_Bytes_To_DLC
 .text.FDCAN_ProcessQueueElement
                0x080004a8       0x30 ./Core/Src/main.o
                0x080004a8                FDCAN_ProcessQueueElement
 .text.LT8491_ReadWord
                0x080004d8       0x5c ./Core/Src/main.o
                0x080004d8                LT8491_ReadWord
 .text.LT8491_ReadAllTelemetry
                0x08000534       0xb4 ./Core/Src/main.o
                0x08000534                LT8491_ReadAllTelemetry
 .text.MPPT_EN_I2C_Init
                0x080005e8       0x40 ./Core/Src/main.o
                0x080005e8                MPPT_EN_I2C_Init
 .text.LT8491_ReadByte
                0x08000628       0x36 ./Core/Src/main.o
                0x08000628                LT8491_ReadByte
 .text.LT8491_WriteByte
                0x0800065e       0x3e ./Core/Src/main.o
                0x0800065e                LT8491_WriteByte
 .text.MPPT_Ensure_Charging
                0x0800069c       0x9c ./Core/Src/main.o
                0x0800069c                MPPT_Ensure_Charging
 .text.MPPT_Send_Housekeeping
                0x08000738      0x344 ./Core/Src/main.o
                0x08000738                MPPT_Send_Housekeeping
 .text.main     0x08000a7c      0x100 ./Core/Src/main.o
                0x08000a7c                main
 .text.SystemClock_Config
                0x08000b7c       0xb2 ./Core/Src/main.o
                0x08000b7c                SystemClock_Config
 *fill*         0x08000c2e        0x2 
 .text.MX_FDCAN1_Init
                0x08000c30       0x8c ./Core/Src/main.o
 .text.MX_I2C1_Init
                0x08000cbc       0x80 ./Core/Src/main.o
 .text.MX_I2C2_Init
                0x08000d3c       0x80 ./Core/Src/main.o
 .text.MX_SPI1_Init
                0x08000dbc       0xdc ./Core/Src/main.o
 .text.MX_GPIO_Init
                0x08000e98      0x120 ./Core/Src/main.o
 .text.Error_Handler
                0x08000fb8        0xc ./Core/Src/main.o
                0x08000fb8                Error_Handler
 .text.HAL_MspInit
                0x08000fc4       0x34 ./Core/Src/stm32u5xx_hal_msp.o
                0x08000fc4                HAL_MspInit
 .text.HAL_FDCAN_MspInit
                0x08000ff8       0xd4 ./Core/Src/stm32u5xx_hal_msp.o
                0x08000ff8                HAL_FDCAN_MspInit
 .text.HAL_I2C_MspInit
                0x080010cc      0x170 ./Core/Src/stm32u5xx_hal_msp.o
                0x080010cc                HAL_I2C_MspInit
 .text.HAL_SPI_MspInit
                0x0800123c      0x120 ./Core/Src/stm32u5xx_hal_msp.o
                0x0800123c                HAL_SPI_MspInit
 .text.NMI_Handler
                0x0800135c        0x8 ./Core/Src/stm32u5xx_it.o
                0x0800135c                NMI_Handler
 .text.HardFault_Handler
                0x08001364        0x8 ./Core/Src/stm32u5xx_it.o
                0x08001364                HardFault_Handler
 .text.MemManage_Handler
                0x0800136c        0x8 ./Core/Src/stm32u5xx_it.o
                0x0800136c                MemManage_Handler
 .text.BusFault_Handler
                0x08001374        0x8 ./Core/Src/stm32u5xx_it.o
                0x08001374                BusFault_Handler
 .text.UsageFault_Handler
                0x0800137c        0x8 ./Core/Src/stm32u5xx_it.o
                0x0800137c                UsageFault_Handler
 .text.SVC_Handler
                0x08001384        0xe ./Core/Src/stm32u5xx_it.o
                0x08001384                SVC_Handler
 .text.DebugMon_Handler
                0x08001392        0xe ./Core/Src/stm32u5xx_it.o
                0x08001392                DebugMon_Handler
 .text.PendSV_Handler
                0x080013a0        0xe ./Core/Src/stm32u5xx_it.o
                0x080013a0                PendSV_Handler
 .text.SysTick_Handler
                0x080013ae        0xc ./Core/Src/stm32u5xx_it.o
                0x080013ae                SysTick_Handler
 *fill*         0x080013ba        0x2 
 .text.SystemInit
                0x080013bc       0x70 ./Core/Src/system_stm32u5xx.o
                0x080013bc                SystemInit
 .text.Reset_Handler
                0x0800142c       0x50 ./Core/Startup/startup_stm32u585citx.o
                0x0800142c                Reset_Handler
 .text.Default_Handler
                0x0800147c        0x2 ./Core/Startup/startup_stm32u585citx.o
                0x0800147c                HASH_IRQHandler
                0x0800147c                TIM8_TRG_COM_IRQHandler
                0x0800147c                TIM8_CC_IRQHandler
                0x0800147c                EXTI5_IRQHandler
                0x0800147c                FLASH_S_IRQHandler
                0x0800147c                EXTI13_IRQHandler
                0x0800147c                TIM1_CC_IRQHandler
                0x0800147c                TSC_IRQHandler
                0x0800147c                TAMP_IRQHandler
                0x0800147c                TIM6_IRQHandler
                0x0800147c                EXTI12_IRQHandler
                0x0800147c                CORDIC_IRQHandler
                0x0800147c                EXTI3_IRQHandler
                0x0800147c                LPTIM4_IRQHandler
                0x0800147c                GPDMA1_Channel5_IRQHandler
                0x0800147c                EXTI8_IRQHandler
                0x0800147c                LPTIM2_IRQHandler
                0x0800147c                I2C3_ER_IRQHandler
                0x0800147c                PWR_S3WU_IRQHandler
                0x0800147c                MDF1_FLT2_IRQHandler
                0x0800147c                LPDMA1_Channel3_IRQHandler
                0x0800147c                LPTIM3_IRQHandler
                0x0800147c                EXTI0_IRQHandler
                0x0800147c                I2C2_EV_IRQHandler
                0x0800147c                FPU_IRQHandler
                0x0800147c                GPDMA1_Channel3_IRQHandler
                0x0800147c                GPDMA1_Channel7_IRQHandler
                0x0800147c                MDF1_FLT4_IRQHandler
                0x0800147c                FDCAN1_IT1_IRQHandler
                0x0800147c                RAMCFG_IRQHandler
                0x0800147c                GPDMA1_Channel9_IRQHandler
                0x0800147c                DCACHE1_IRQHandler
                0x0800147c                SPI1_IRQHandler
                0x0800147c                OCTOSPI1_IRQHandler
                0x0800147c                GPDMA1_Channel2_IRQHandler
                0x0800147c                TIM8_UP_IRQHandler
                0x0800147c                RCC_S_IRQHandler
                0x0800147c                OCTOSPI2_IRQHandler
                0x0800147c                SAI2_IRQHandler
                0x0800147c                MDF1_FLT1_IRQHandler
                0x0800147c                ADC1_IRQHandler
                0x0800147c                PKA_IRQHandler
                0x0800147c                MDF1_FLT5_IRQHandler
                0x0800147c                EXTI15_IRQHandler
                0x0800147c                TIM17_IRQHandler
                0x0800147c                USART3_IRQHandler
                0x0800147c                RTC_IRQHandler
                0x0800147c                EXTI9_IRQHandler
                0x0800147c                UART5_IRQHandler
                0x0800147c                TIM4_IRQHandler
                0x0800147c                I2C1_EV_IRQHandler
                0x0800147c                GPDMA1_Channel12_IRQHandler
                0x0800147c                GPDMA1_Channel1_IRQHandler
                0x0800147c                TIM16_IRQHandler
                0x0800147c                GPDMA1_Channel15_IRQHandler
                0x0800147c                UART4_IRQHandler
                0x0800147c                SecureFault_Handler
                0x0800147c                TIM3_IRQHandler
                0x0800147c                RCC_IRQHandler
                0x0800147c                TIM1_TRG_COM_IRQHandler
                0x0800147c                Default_Handler
                0x0800147c                GPDMA1_Channel8_IRQHandler
                0x0800147c                FMAC_IRQHandler
                0x0800147c                OTFDEC1_IRQHandler
                0x0800147c                GPDMA1_Channel11_IRQHandler
                0x0800147c                TIM7_IRQHandler
                0x0800147c                SDMMC1_IRQHandler
                0x0800147c                SAES_IRQHandler
                0x0800147c                TIM5_IRQHandler
                0x0800147c                UCPD1_IRQHandler
                0x0800147c                GPDMA1_Channel0_IRQHandler
                0x0800147c                TIM15_IRQHandler
                0x0800147c                I2C3_EV_IRQHandler
                0x0800147c                LPDMA1_Channel0_IRQHandler
                0x0800147c                PVD_PVM_IRQHandler
                0x0800147c                SPI2_IRQHandler
                0x0800147c                LPDMA1_Channel1_IRQHandler
                0x0800147c                EXTI14_IRQHandler
                0x0800147c                EXTI11_IRQHandler
                0x0800147c                OTFDEC2_IRQHandler
                0x0800147c                CRS_IRQHandler
                0x0800147c                GPDMA1_Channel14_IRQHandler
                0x0800147c                LSECSSD_IRQHandler
                0x0800147c                EXTI4_IRQHandler
                0x0800147c                RTC_S_IRQHandler
                0x0800147c                GPDMA1_Channel13_IRQHandler
                0x0800147c                RNG_IRQHandler
                0x0800147c                COMP_IRQHandler
                0x0800147c                TIM1_UP_IRQHandler
                0x0800147c                ADC4_IRQHandler
                0x0800147c                WWDG_IRQHandler
                0x0800147c                I2C4_EV_IRQHandler
                0x0800147c                ADF1_IRQHandler
                0x0800147c                IWDG_IRQHandler
                0x0800147c                LPUART1_IRQHandler
                0x0800147c                MDF1_FLT0_IRQHandler
                0x0800147c                FDCAN1_IT0_IRQHandler
                0x0800147c                TIM2_IRQHandler
                0x0800147c                GPDMA1_Channel4_IRQHandler
                0x0800147c                EXTI7_IRQHandler
                0x0800147c                DMA2D_IRQHandler
                0x0800147c                TIM1_BRK_IRQHandler
                0x0800147c                EXTI1_IRQHandler
                0x0800147c                SDMMC2_IRQHandler
                0x0800147c                AES_IRQHandler
                0x0800147c                DAC1_IRQHandler
                0x0800147c                GTZC_IRQHandler
                0x0800147c                MDF1_FLT3_IRQHandler
                0x0800147c                USART2_IRQHandler
                0x0800147c                GPDMA1_Channel6_IRQHandler
                0x0800147c                I2C2_ER_IRQHandler
                0x0800147c                TIM8_BRK_IRQHandler
                0x0800147c                FLASH_IRQHandler
                0x0800147c                USART1_IRQHandler
                0x0800147c                EXTI10_IRQHandler
                0x0800147c                OTG_FS_IRQHandler
                0x0800147c                SPI3_IRQHandler
                0x0800147c                LPDMA1_Channel2_IRQHandler
                0x0800147c                I2C1_ER_IRQHandler
                0x0800147c                FMC_IRQHandler
                0x0800147c                EXTI6_IRQHandler
                0x0800147c                LPTIM1_IRQHandler
                0x0800147c                DCMI_PSSI_IRQHandler
                0x0800147c                I2C4_ER_IRQHandler
                0x0800147c                GPDMA1_Channel10_IRQHandler
                0x0800147c                ICACHE_IRQHandler
                0x0800147c                SAI1_IRQHandler
                0x0800147c                EXTI2_IRQHandler
 *fill*         0x0800147e        0x2 
 .text.HAL_Init
                0x08001480       0x60 ./Drivers/STM32U5xx_HAL_Driver/Src/stm32u5xx_hal.o
                0x08001480                HAL_Init
 .text.HAL_InitTick
                0x080014e0       0xec ./Drivers/STM32U5xx_HAL_Driver/Src/stm32u5xx_hal.o
                0x080014e0                HAL_InitTick
 .text.HAL_IncTick
                0x080015cc       0x28 ./Drivers/STM32U5xx_HAL_Driver/Src/stm32u5xx_hal.o
                0x080015cc                HAL_IncTick
 .text.HAL_GetTick
                0x080015f4       0x18 ./Drivers/STM32U5xx_HAL_Driver/Src/stm32u5xx_hal.o
                0x080015f4                HAL_GetTick
 .text.HAL_Delay
                0x0800160c       0x48 ./Drivers/STM32U5xx_HAL_Driver/Src/stm32u5xx_hal.o
                0x0800160c                HAL_Delay
 .text.__NVIC_SetPriorityGrouping
                0x08001654       0x48 ./Drivers/STM32U5xx_HAL_Driver/Src/stm32u5xx_hal_cortex.o
 .text.__NVIC_GetPriorityGrouping
                0x0800169c       0x1c ./Drivers/STM32U5xx_HAL_Driver/Src/stm32u5xx_hal_cortex.o
 .text.__NVIC_SetPriority
                0x080016b8       0x54 ./Drivers/STM32U5xx_HAL_Driver/Src/stm32u5xx_hal_cortex.o
 .text.NVIC_EncodePriority
                0x0800170c       0x66 ./Drivers/STM32U5xx_HAL_Driver/Src/stm32u5xx_hal_cortex.o
 .text.HAL_NVIC_SetPriorityGrouping
                0x08001772       0x16 ./Drivers/STM32U5xx_HAL_Driver/Src/stm32u5xx_hal_cortex.o
                0x08001772                HAL_NVIC_SetPriorityGrouping
 .text.HAL_NVIC_SetPriority
                0x08001788       0x34 ./Drivers/STM32U5xx_HAL_Driver/Src/stm32u5xx_hal_cortex.o
                0x08001788                HAL_NVIC_SetPriority
 .text.HAL_SYSTICK_Config
                0x080017bc       0x44 ./Drivers/STM32U5xx_HAL_Driver/Src/stm32u5xx_hal_cortex.o
                0x080017bc                HAL_SYSTICK_Config
 .text.HAL_SYSTICK_CLKSourceConfig
                0x08001800       0xb0 ./Drivers/STM32U5xx_HAL_Driver/Src/stm32u5xx_hal_cortex.o
                0x08001800                HAL_SYSTICK_CLKSourceConfig
 .text.HAL_SYSTICK_GetCLKSourceConfig
                0x080018b0       0x74 ./Drivers/STM32U5xx_HAL_Driver/Src/stm32u5xx_hal_cortex.o
                0x080018b0                HAL_SYSTICK_GetCLKSourceConfig
 .text.HAL_FDCAN_Init
                0x08001924      0x2a4 ./Drivers/STM32U5xx_HAL_Driver/Src/stm32u5xx_hal_fdcan.o
                0x08001924                HAL_FDCAN_Init
 .text.HAL_FDCAN_ConfigGlobalFilter
                0x08001bc8       0x62 ./Drivers/STM32U5xx_HAL_Driver/Src/stm32u5xx_hal_fdcan.o
                0x08001bc8                HAL_FDCAN_ConfigGlobalFilter
 .text.HAL_FDCAN_Start
                0x08001c2a       0x50 ./Drivers/STM32U5xx_HAL_Driver/Src/stm32u5xx_hal_fdcan.o
                0x08001c2a                HAL_FDCAN_Start
 .text.HAL_FDCAN_AddMessageToTxFifoQ
                0x08001c7a       0x88 ./Drivers/STM32U5xx_HAL_Driver/Src/stm32u5xx_hal_fdcan.o
                0x08001c7a                HAL_FDCAN_AddMessageToTxFifoQ
 .text.HAL_FDCAN_ActivateNotification
                0x08001d02      0x1cc ./Drivers/STM32U5xx_HAL_Driver/Src/stm32u5xx_hal_fdcan.o
                0x08001d02                HAL_FDCAN_ActivateNotification
 *fill*         0x08001ece        0x2 
 .text.FDCAN_CalcultateRamBlockAddresses
                0x08001ed0       0xac ./Drivers/STM32U5xx_HAL_Driver/Src/stm32u5xx_hal_fdcan.o
 .text.FDCAN_CopyMessageToRAM
                0x08001f7c       0xf8 ./Drivers/STM32U5xx_HAL_Driver/Src/stm32u5xx_hal_fdcan.o
 .text.HAL_GPIO_Init
                0x08002074      0x3c0 ./Drivers/STM32U5xx_HAL_Driver/Src/stm32u5xx_hal_gpio.o
                0x08002074                HAL_GPIO_Init
 .text.HAL_GPIO_WritePin
                0x08002434       0x30 ./Drivers/STM32U5xx_HAL_Driver/Src/stm32u5xx_hal_gpio.o
                0x08002434                HAL_GPIO_WritePin
 .text.HAL_GPIO_TogglePin
                0x08002464       0x34 ./Drivers/STM32U5xx_HAL_Driver/Src/stm32u5xx_hal_gpio.o
                0x08002464                HAL_GPIO_TogglePin
 .text.HAL_I2C_Init
                0x08002498      0x136 ./Drivers/STM32U5xx_HAL_Driver/Src/stm32u5xx_hal_i2c.o
                0x08002498                HAL_I2C_Init
 *fill*         0x080025ce        0x2 
 .text.HAL_I2C_Mem_Write
                0x080025d0      0x228 ./Drivers/STM32U5xx_HAL_Driver/Src/stm32u5xx_hal_i2c.o
                0x080025d0                HAL_I2C_Mem_Write
 .text.HAL_I2C_Mem_Read
                0x080027f8      0x234 ./Drivers/STM32U5xx_HAL_Driver/Src/stm32u5xx_hal_i2c.o
                0x080027f8                HAL_I2C_Mem_Read
 .text.I2C_RequestMemoryWrite
                0x08002a2c       0xa8 ./Drivers/STM32U5xx_HAL_Driver/Src/stm32u5xx_hal_i2c.o
 .text.I2C_RequestMemoryRead
                0x08002ad4       0xa8 ./Drivers/STM32U5xx_HAL_Driver/Src/stm32u5xx_hal_i2c.o
 .text.I2C_Flush_TXDR
                0x08002b7c       0x48 ./Drivers/STM32U5xx_HAL_Driver/Src/stm32u5xx_hal_i2c.o
 .text.I2C_WaitOnFlagUntilTimeout
                0x08002bc4       0xb2 ./Drivers/STM32U5xx_HAL_Driver/Src/stm32u5xx_hal_i2c.o
 .text.I2C_WaitOnTXISFlagUntilTimeout
                0x08002c76       0x8e ./Drivers/STM32U5xx_HAL_Driver/Src/stm32u5xx_hal_i2c.o
 .text.I2C_WaitOnSTOPFlagUntilTimeout
                0x08002d04       0x86 ./Drivers/STM32U5xx_HAL_Driver/Src/stm32u5xx_hal_i2c.o
 *fill*         0x08002d8a        0x2 
 .text.I2C_IsErrorOccurred
                0x08002d8c      0x1c0 ./Drivers/STM32U5xx_HAL_Driver/Src/stm32u5xx_hal_i2c.o
 .text.I2C_TransferConfig
                0x08002f4c       0x64 ./Drivers/STM32U5xx_HAL_Driver/Src/stm32u5xx_hal_i2c.o
 .text.HAL_I2CEx_ConfigAnalogFilter
                0x08002fb0       0x96 ./Drivers/STM32U5xx_HAL_Driver/Src/stm32u5xx_hal_i2c_ex.o
                0x08002fb0                HAL_I2CEx_ConfigAnalogFilter
 .text.HAL_I2CEx_ConfigDigitalFilter
                0x08003046       0x98 ./Drivers/STM32U5xx_HAL_Driver/Src/stm32u5xx_hal_i2c_ex.o
                0x08003046                HAL_I2CEx_ConfigDigitalFilter
 *fill*         0x080030de        0x2 
 .text.HAL_PWREx_ControlVoltageScaling
                0x080030e0       0xfc ./Drivers/STM32U5xx_HAL_Driver/Src/stm32u5xx_hal_pwr_ex.o
                0x080030e0                HAL_PWREx_ControlVoltageScaling
 .text.HAL_PWREx_GetVoltageRange
                0x080031dc       0x1c ./Drivers/STM32U5xx_HAL_Driver/Src/stm32u5xx_hal_pwr_ex.o
                0x080031dc                HAL_PWREx_GetVoltageRange
 .text.HAL_RCC_OscConfig
                0x080031f8      0xdb8 ./Drivers/STM32U5xx_HAL_Driver/Src/stm32u5xx_hal_rcc.o
                0x080031f8                HAL_RCC_OscConfig
 .text.HAL_RCC_ClockConfig
                0x08003fb0      0x3e4 ./Drivers/STM32U5xx_HAL_Driver/Src/stm32u5xx_hal_rcc.o
                0x08003fb0                HAL_RCC_ClockConfig
 .text.HAL_RCC_GetSysClockFreq
                0x08004394      0x20c ./Drivers/STM32U5xx_HAL_Driver/Src/stm32u5xx_hal_rcc.o
                0x08004394                HAL_RCC_GetSysClockFreq
 .text.HAL_RCC_GetHCLKFreq
                0x080045a0       0x34 ./Drivers/STM32U5xx_HAL_Driver/Src/stm32u5xx_hal_rcc.o
                0x080045a0                HAL_RCC_GetHCLKFreq
 .text.RCC_SetFlashLatencyFromMSIRange
                0x080045d4      0x10c ./Drivers/STM32U5xx_HAL_Driver/Src/stm32u5xx_hal_rcc.o
 .text.HAL_RCCEx_PeriphCLKConfig
                0x080046e0      0xb80 ./Drivers/STM32U5xx_HAL_Driver/Src/stm32u5xx_hal_rcc_ex.o
                0x080046e0                HAL_RCCEx_PeriphCLKConfig
 .text.RCCEx_PLL2_Config
                0x08005260      0x130 ./Drivers/STM32U5xx_HAL_Driver/Src/stm32u5xx_hal_rcc_ex.o
 .text.RCCEx_PLL3_Config
                0x08005390      0x130 ./Drivers/STM32U5xx_HAL_Driver/Src/stm32u5xx_hal_rcc_ex.o
 .text.HAL_SPI_Init
                0x080054c0      0x22c ./Drivers/STM32U5xx_HAL_Driver/Src/stm32u5xx_hal_spi.o
                0x080054c0                HAL_SPI_Init
 .text.SPI_GetPacketSize
                0x080056ec       0x36 ./Drivers/STM32U5xx_HAL_Driver/Src/stm32u5xx_hal_spi.o
 .text.HAL_SPIEx_SetConfigAutonomousMode
                0x08005722       0x82 ./Drivers/STM32U5xx_HAL_Driver/Src/stm32u5xx_hal_spi_ex.o
                0x08005722                HAL_SPIEx_SetConfigAutonomousMode
 .text.memset   0x080057a4       0x10 /Applications/STM32CubeIDE.app/Contents/Eclipse/plugins/com.st.stm32cube.ide.mcu.externaltools.gnu-tools-for-stm32.14.3.rel1.macosaarch64_1.0.0.202602081740/tools/bin/../lib/gcc/arm-none-eabi/14.3.1/../../../../arm-none-eabi/lib/thumb/v8-m.main+fp/hard/libc_nano.a(libc_a-memset.o)
                0x080057a4                memset
 .text.__libc_init_array
                0x080057b4       0x48 /Applications/STM32CubeIDE.app/Contents/Eclipse/plugins/com.st.stm32cube.ide.mcu.externaltools.gnu-tools-for-stm32.14.3.rel1.macosaarch64_1.0.0.202602081740/tools/bin/../lib/gcc/arm-none-eabi/14.3.1/../../../../arm-none-eabi/lib/thumb/v8-m.main+fp/hard/libc_nano.a(libc_a-init.o)
                0x080057b4                __libc_init_array
 *(.glue_7)
 .glue_7        0x080057fc        0x0 linker stubs
 *(.glue_7t)
 .glue_7t       0x080057fc        0x0 linker stubs
 *(.eh_frame)
 .eh_frame      0x080057fc        0x0 /Applications/STM32CubeIDE.app/Contents/Eclipse/plugins/com.st.stm32cube.ide.mcu.externaltools.gnu-tools-for-stm32.14.3.rel1.macosaarch64_1.0.0.202602081740/tools/bin/../lib/gcc/arm-none-eabi/14.3.1/thumb/v8-m.main+fp/hard/crtbegin.o
 *(.init)
 .init          0x080057fc        0x4 /Applications/STM32CubeIDE.app/Contents/Eclipse/plugins/com.st.stm32cube.ide.mcu.externaltools.gnu-tools-for-stm32.14.3.rel1.macosaarch64_1.0.0.202602081740/tools/bin/../lib/gcc/arm-none-eabi/14.3.1/thumb/v8-m.main+fp/hard/crti.o
                0x080057fc                _init
 .init          0x08005800        0x8 /Applications/STM32CubeIDE.app/Contents/Eclipse/plugins/com.st.stm32cube.ide.mcu.externaltools.gnu-tools-for-stm32.14.3.rel1.macosaarch64_1.0.0.202602081740/tools/bin/../lib/gcc/arm-none-eabi/14.3.1/thumb/v8-m.main+fp/hard/crtn.o
 *(.fini)
 .fini          0x08005808        0x4 /Applications/STM32CubeIDE.app/Contents/Eclipse/plugins/com.st.stm32cube.ide.mcu.externaltools.gnu-tools-for-stm32.14.3.rel1.macosaarch64_1.0.0.202602081740/tools/bin/../lib/gcc/arm-none-eabi/14.3.1/thumb/v8-m.main+fp/hard/crti.o
                0x08005808                _fini
 .fini          0x0800580c        0x8 /Applications/STM32CubeIDE.app/Contents/Eclipse/plugins/com.st.stm32cube.ide.mcu.externaltools.gnu-tools-for-stm32.14.3.rel1.macosaarch64_1.0.0.202602081740/tools/bin/../lib/gcc/arm-none-eabi/14.3.1/thumb/v8-m.main+fp/hard/crtn.o
                0x08005814                        _etext = .

.vfp11_veneer   0x08005814        0x0
 .vfp11_veneer  0x08005814        0x0 linker stubs

.v4_bx          0x08005814        0x0
 .v4_bx         0x08005814        0x0 linker stubs

.iplt           0x08005814        0x0
 .iplt          0x08005814        0x0 /Applications/STM32CubeIDE.app/Contents/Eclipse/plugins/com.st.stm32cube.ide.mcu.externaltools.gnu-tools-for-stm32.14.3.rel1.macosaarch64_1.0.0.202602081740/tools/bin/../lib/gcc/arm-none-eabi/14.3.1/thumb/v8-m.main+fp/hard/crtbegin.o

.rodata         0x08005814       0xe8
 *(.rodata)
 .rodata        0x08005814        0x6 ./Core/Src/main.o
 *(.rodata*)
 *fill*         0x0800581a        0x2 
 .rodata.AHBPrescTable
                0x0800581c       0x10 ./Core/Src/system_stm32u5xx.o
                0x0800581c                AHBPrescTable
 .rodata.MSIRangeTable
                0x0800582c       0x40 ./Core/Src/system_stm32u5xx.o
                0x0800582c                MSIRangeTable
 .rodata.DLCtoBytes
                0x0800586c       0x10 ./Drivers/STM32U5xx_HAL_Driver/Src/stm32u5xx_hal_fdcan.o
 .rodata.LPGPIO_Map
                0x0800587c       0x80 ./Drivers/STM32U5xx_HAL_Driver/Src/stm32u5xx_hal_gpio.o

.ARM.extab
 *(.ARM.extab* .gnu.linkonce.armextab.*)

.ARM            0x080058fc        0x0
                0x080058fc                        __exidx_start = .
 *(.ARM.exidx*)
                0x080058fc                        __exidx_end = .

.preinit_array  0x080058fc        0x0
                0x080058fc                        PROVIDE (__preinit_array_start = .)
 *(.preinit_array*)
                0x080058fc                        PROVIDE (__preinit_array_end = .)

.init_array     0x080058fc        0x4
                0x080058fc                        PROVIDE (__init_array_start = .)
 *(SORT_BY_NAME(.init_array.*))
 *(.init_array*)
 .init_array    0x080058fc        0x4 /Applications/STM32CubeIDE.app/Contents/Eclipse/plugins/com.st.stm32cube.ide.mcu.externaltools.gnu-tools-for-stm32.14.3.rel1.macosaarch64_1.0.0.202602081740/tools/bin/../lib/gcc/arm-none-eabi/14.3.1/thumb/v8-m.main+fp/hard/crtbegin.o
                0x08005900                        PROVIDE (__init_array_end = .)

.fini_array     0x08005900        0x4
                [!provide]                        PROVIDE (__fini_array_start = .)
 *(SORT_BY_NAME(.fini_array.*))
 *(.fini_array*)
 .fini_array    0x08005900        0x4 /Applications/STM32CubeIDE.app/Contents/Eclipse/plugins/com.st.stm32cube.ide.mcu.externaltools.gnu-tools-for-stm32.14.3.rel1.macosaarch64_1.0.0.202602081740/tools/bin/../lib/gcc/arm-none-eabi/14.3.1/thumb/v8-m.main+fp/hard/crtbegin.o
                [!provide]                        PROVIDE (__fini_array_end = .)
                0x08005904                        _sidata = LOADADDR (.data)

.rel.dyn        0x08005904        0x0
 .rel.iplt      0x08005904        0x0 /Applications/STM32CubeIDE.app/Contents/Eclipse/plugins/com.st.stm32cube.ide.mcu.externaltools.gnu-tools-for-stm32.14.3.rel1.macosaarch64_1.0.0.202602081740/tools/bin/../lib/gcc/arm-none-eabi/14.3.1/thumb/v8-m.main+fp/hard/crtbegin.o

.data           0x20000000        0x9 load address 0x08005904
                0x20000000                        _sdata = .
 *(.data)
 *(.data*)
 .data.SystemCoreClock
                0x20000000        0x4 ./Core/Src/system_stm32u5xx.o
                0x20000000                SystemCoreClock
 .data.uwTickPrio
                0x20000004        0x4 ./Drivers/STM32U5xx_HAL_Driver/Src/stm32u5xx_hal.o
                0x20000004                uwTickPrio
 .data.uwTickFreq
                0x20000008        0x1 ./Drivers/STM32U5xx_HAL_Driver/Src/stm32u5xx_hal.o
                0x20000008                uwTickFreq
 *(.RamFunc)
 *(.RamFunc*)
                0x20000009                        _edata = .

.igot.plt       0x2000000c        0x0 load address 0x0800590d
 .igot.plt      0x2000000c        0x0 /Applications/STM32CubeIDE.app/Contents/Eclipse/plugins/com.st.stm32cube.ide.mcu.externaltools.gnu-tools-for-stm32.14.3.rel1.macosaarch64_1.0.0.202602081740/tools/bin/../lib/gcc/arm-none-eabi/14.3.1/thumb/v8-m.main+fp/hard/crtbegin.o

.bss            0x2000000c      0x580 load address 0x0800590d
                0x2000000c                        _sbss = .
                0x2000000c                        __bss_start__ = _sbss
 *(.bss)
 .bss           0x2000000c       0x1c /Applications/STM32CubeIDE.app/Contents/Eclipse/plugins/com.st.stm32cube.ide.mcu.externaltools.gnu-tools-for-stm32.14.3.rel1.macosaarch64_1.0.0.202602081740/tools/bin/../lib/gcc/arm-none-eabi/14.3.1/thumb/v8-m.main+fp/hard/crtbegin.o
 *(.bss*)
 .bss.hfdcan1   0x20000028       0x64 ./Core/Src/main.o
                0x20000028                hfdcan1
 .bss.hi2c1     0x2000008c       0x54 ./Core/Src/main.o
                0x2000008c                hi2c1
 .bss.hi2c2     0x200000e0       0x54 ./Core/Src/main.o
                0x200000e0                hi2c2
 .bss.hspi1     0x20000134       0x90 ./Core/Src/main.o
                0x20000134                hspi1
 .bss.errorCounter
                0x200001c4        0x4 ./Core/Src/main.o
                0x200001c4                errorCounter
 .bss.txHeader  0x200001c8       0x24 ./Core/Src/main.o
                0x200001c8                txHeader
 .bss.txData    0x200001ec        0x8 ./Core/Src/main.o
                0x200001ec                txData
 .bss.last_heartbeat_time
                0x200001f4        0x4 ./Core/Src/main.o
                0x200001f4                last_heartbeat_time
 .bss.last_wdi_toggle_time
                0x200001f8        0x4 ./Core/Src/main.o
                0x200001f8                last_wdi_toggle_time
 .bss.queue_head
                0x200001fc        0x1 ./Core/Src/main.o
                0x200001fc                queue_head
 .bss.queue_tail
                0x200001fd        0x1 ./Core/Src/main.o
                0x200001fd                queue_tail
 *fill*         0x200001fe        0x2 
 .bss.fdcan_queue
                0x20000200      0x384 ./Core/Src/main.o
                0x20000200                fdcan_queue
 .bss.mppt_ch_status
                0x20000584        0x1 ./Core/Src/main.o
                0x20000584                mppt_ch_status
 *fill*         0x20000585        0x3 
 .bss.uwTick    0x20000588        0x4 ./Drivers/STM32U5xx_HAL_Driver/Src/stm32u5xx_hal.o
                0x20000588                uwTick
 *(COMMON)
                0x2000058c                        _ebss = .
                0x2000058c                        __bss_end__ = _ebss

._user_heap_stack
                0x2000058c      0x604 load address 0x0800590d
                0x20000590                        . = ALIGN (0x8)
 *fill*         0x2000058c        0x4 
                [!provide]                        PROVIDE (end = .)
                0x20000590                        PROVIDE (_end = .)
                0x20000790                        . = (. + _Min_Heap_Size)
 *fill*         0x20000590      0x200 
                0x20000b90                        . = (. + _Min_Stack_Size)
 *fill*         0x20000790      0x400 
                0x20000b90                        . = ALIGN (0x8)

/DISCARD/
 libc.a(*)
 libm.a(*)
 libgcc.a(*)

.ARM.attributes
                0x00000000       0x36
 *(.ARM.attributes)
 .ARM.attributes
                0x00000000       0x26 /Applications/STM32CubeIDE.app/Contents/Eclipse/plugins/com.st.stm32cube.ide.mcu.externaltools.gnu-tools-for-stm32.14.3.rel1.macosaarch64_1.0.0.202602081740/tools/bin/../lib/gcc/arm-none-eabi/14.3.1/thumb/v8-m.main+fp/hard/crti.o
 .ARM.attributes
                0x00000026       0x38 /Applications/STM32CubeIDE.app/Contents/Eclipse/plugins/com.st.stm32cube.ide.mcu.externaltools.gnu-tools-for-stm32.14.3.rel1.macosaarch64_1.0.0.202602081740/tools/bin/../lib/gcc/arm-none-eabi/14.3.1/thumb/v8-m.main+fp/hard/crtbegin.o
 .ARM.attributes
                0x0000005e       0x3a ./Core/Src/main.o
 .ARM.attributes
                0x00000098       0x3a ./Core/Src/stm32u5xx_hal_msp.o
 .ARM.attributes
                0x000000d2       0x3a ./Core/Src/stm32u5xx_it.o
 .ARM.attributes
                0x0000010c       0x3a ./Core/Src/system_stm32u5xx.o
 .ARM.attributes
                0x00000146       0x24 ./Core/Startup/startup_stm32u585citx.o
 .ARM.attributes
                0x0000016a       0x3a ./Drivers/STM32U5xx_HAL_Driver/Src/stm32u5xx_hal.o
 .ARM.attributes
                0x000001a4       0x3a ./Drivers/STM32U5xx_HAL_Driver/Src/stm32u5xx_hal_cortex.o
 .ARM.attributes
                0x000001de       0x3a ./Drivers/STM32U5xx_HAL_Driver/Src/stm32u5xx_hal_fdcan.o
 .ARM.attributes
                0x00000218       0x3a ./Drivers/STM32U5xx_HAL_Driver/Src/stm32u5xx_hal_gpio.o
 .ARM.attributes
                0x00000252       0x3a ./Drivers/STM32U5xx_HAL_Driver/Src/stm32u5xx_hal_i2c.o
 .ARM.attributes
                0x0000028c       0x3a ./Drivers/STM32U5xx_HAL_Driver/Src/stm32u5xx_hal_i2c_ex.o
 .ARM.attributes
                0x000002c6       0x3a ./Drivers/STM32U5xx_HAL_Driver/Src/stm32u5xx_hal_pwr_ex.o
 .ARM.attributes
                0x00000300       0x3a ./Drivers/STM32U5xx_HAL_Driver/Src/stm32u5xx_hal_rcc.o
 .ARM.attributes
                0x0000033a       0x3a ./Drivers/STM32U5xx_HAL_Driver/Src/stm32u5xx_hal_rcc_ex.o
 .ARM.attributes
                0x00000374       0x3a ./Drivers/STM32U5xx_HAL_Driver/Src/stm32u5xx_hal_spi.o
 .ARM.attributes
                0x000003ae       0x3a ./Drivers/STM32U5xx_HAL_Driver/Src/stm32u5xx_hal_spi_ex.o
 .ARM.attributes
                0x000003e8       0x38 /Applications/STM32CubeIDE.app/Contents/Eclipse/plugins/com.st.stm32cube.ide.mcu.externaltools.gnu-tools-for-stm32.14.3.rel1.macosaarch64_1.0.0.202602081740/tools/bin/../lib/gcc/arm-none-eabi/14.3.1/../../../../arm-none-eabi/lib/thumb/v8-m.main+fp/hard/libc_nano.a(libc_a-memset.o)
 .ARM.attributes
                0x00000420       0x38 /Applications/STM32CubeIDE.app/Contents/Eclipse/plugins/com.st.stm32cube.ide.mcu.externaltools.gnu-tools-for-stm32.14.3.rel1.macosaarch64_1.0.0.202602081740/tools/bin/../lib/gcc/arm-none-eabi/14.3.1/../../../../arm-none-eabi/lib/thumb/v8-m.main+fp/hard/libc_nano.a(libc_a-init.o)
 .ARM.attributes
                0x00000458       0x26 /Applications/STM32CubeIDE.app/Contents/Eclipse/plugins/com.st.stm32cube.ide.mcu.externaltools.gnu-tools-for-stm32.14.3.rel1.macosaarch64_1.0.0.202602081740/tools/bin/../lib/gcc/arm-none-eabi/14.3.1/thumb/v8-m.main+fp/hard/crtn.o
OUTPUT(S3-EPS-03-Embedded-Code.elf elf32-littlearm)
LOAD linker stubs
LOAD /Applications/STM32CubeIDE.app/Contents/Eclipse/plugins/com.st.stm32cube.ide.mcu.externaltools.gnu-tools-for-stm32.14.3.rel1.macosaarch64_1.0.0.202602081740/tools/bin/../lib/gcc/arm-none-eabi/14.3.1/../../../../arm-none-eabi/lib/thumb/v8-m.main+fp/hard/libc.a
LOAD /Applications/STM32CubeIDE.app/Contents/Eclipse/plugins/com.st.stm32cube.ide.mcu.externaltools.gnu-tools-for-stm32.14.3.rel1.macosaarch64_1.0.0.202602081740/tools/bin/../lib/gcc/arm-none-eabi/14.3.1/../../../../arm-none-eabi/lib/thumb/v8-m.main+fp/hard/libm.a
LOAD /Applications/STM32CubeIDE.app/Contents/Eclipse/plugins/com.st.stm32cube.ide.mcu.externaltools.gnu-tools-for-stm32.14.3.rel1.macosaarch64_1.0.0.202602081740/tools/bin/../lib/gcc/arm-none-eabi/14.3.1/thumb/v8-m.main+fp/hard/libgcc.a

.debug_info     0x00000000    0x1179a
 .debug_info    0x00000000     0x2517 ./Core/Src/main.o
 .debug_info    0x00002517     0x1ae4 ./Core/Src/stm32u5xx_hal_msp.o
 .debug_info    0x00003ffb      0x128 ./Core/Src/stm32u5xx_it.o
 .debug_info    0x00004123      0x929 ./Core/Src/system_stm32u5xx.o
 .debug_info    0x00004a4c       0x30 ./Core/Startup/startup_stm32u585citx.o
 .debug_info    0x00004a7c     0x120a ./Drivers/STM32U5xx_HAL_Driver/Src/stm32u5xx_hal.o
 .debug_info    0x00005c86     0x1657 ./Drivers/STM32U5xx_HAL_Driver/Src/stm32u5xx_hal_cortex.o
 .debug_info    0x000072dd     0x1920 ./Drivers/STM32U5xx_HAL_Driver/Src/stm32u5xx_hal_fdcan.o
 .debug_info    0x00008bfd      0x859 ./Drivers/STM32U5xx_HAL_Driver/Src/stm32u5xx_hal_gpio.o
 .debug_info    0x00009456     0x232e ./Drivers/STM32U5xx_HAL_Driver/Src/stm32u5xx_hal_i2c.o
 .debug_info    0x0000b784      0x9ff ./Drivers/STM32U5xx_HAL_Driver/Src/stm32u5xx_hal_i2c_ex.o
 .debug_info    0x0000c183      0xe3e ./Drivers/STM32U5xx_HAL_Driver/Src/stm32u5xx_hal_pwr_ex.o
 .debug_info    0x0000cfc1     0x11f0 ./Drivers/STM32U5xx_HAL_Driver/Src/stm32u5xx_hal_rcc.o
 .debug_info    0x0000e1b1     0x158b ./Drivers/STM32U5xx_HAL_Driver/Src/stm32u5xx_hal_rcc_ex.o
 .debug_info    0x0000f73c     0x15c7 ./Drivers/STM32U5xx_HAL_Driver/Src/stm32u5xx_hal_spi.o
 .debug_info    0x00010d03      0xa97 ./Drivers/STM32U5xx_HAL_Driver/Src/stm32u5xx_hal_spi_ex.o

.debug_abbrev   0x00000000     0x2195
 .debug_abbrev  0x00000000      0x392 ./Core/Src/main.o
 .debug_abbrev  0x00000392      0x241 ./Core/Src/stm32u5xx_hal_msp.o
 .debug_abbrev  0x000005d3       0x73 ./Core/Src/stm32u5xx_it.o
 .debug_abbrev  0x00000646      0x129 ./Core/Src/system_stm32u5xx.o
 .debug_abbrev  0x0000076f       0x24 ./Core/Startup/startup_stm32u585citx.o
 .debug_abbrev  0x00000793      0x2a5 ./Drivers/STM32U5xx_HAL_Driver/Src/stm32u5xx_hal.o
 .debug_abbrev  0x00000a38      0x327 ./Drivers/STM32U5xx_HAL_Driver/Src/stm32u5xx_hal_cortex.o
 .debug_abbrev  0x00000d5f      0x20b ./Drivers/STM32U5xx_HAL_Driver/Src/stm32u5xx_hal_fdcan.o
 .debug_abbrev  0x00000f6a      0x25a ./Drivers/STM32U5xx_HAL_Driver/Src/stm32u5xx_hal_gpio.o
 .debug_abbrev  0x000011c4      0x271 ./Drivers/STM32U5xx_HAL_Driver/Src/stm32u5xx_hal_i2c.o
 .debug_abbrev  0x00001435      0x1c0 ./Drivers/STM32U5xx_HAL_Driver/Src/stm32u5xx_hal_i2c_ex.o
 .debug_abbrev  0x000015f5      0x215 ./Drivers/STM32U5xx_HAL_Driver/Src/stm32u5xx_hal_pwr_ex.o
 .debug_abbrev  0x0000180a      0x2cb ./Drivers/STM32U5xx_HAL_Driver/Src/stm32u5xx_hal_rcc.o
 .debug_abbrev  0x00001ad5      0x23d ./Drivers/STM32U5xx_HAL_Driver/Src/stm32u5xx_hal_rcc_ex.o
 .debug_abbrev  0x00001d12      0x2bc ./Drivers/STM32U5xx_HAL_Driver/Src/stm32u5xx_hal_spi.o
 .debug_abbrev  0x00001fce      0x1c7 ./Drivers/STM32U5xx_HAL_Driver/Src/stm32u5xx_hal_spi_ex.o

.debug_aranges  0x00000000      0xfd0
 .debug_aranges
                0x00000000       0xd8 ./Core/Src/main.o
 .debug_aranges
                0x000000d8       0x50 ./Core/Src/stm32u5xx_hal_msp.o
 .debug_aranges
                0x00000128       0x60 ./Core/Src/stm32u5xx_it.o
 .debug_aranges
                0x00000188       0x28 ./Core/Src/system_stm32u5xx.o
 .debug_aranges
                0x000001b0       0x28 ./Core/Startup/startup_stm32u585citx.o
 .debug_aranges
                0x000001d8      0x148 ./Drivers/STM32U5xx_HAL_Driver/Src/stm32u5xx_hal.o
 .debug_aranges
                0x00000320      0x140 ./Drivers/STM32U5xx_HAL_Driver/Src/stm32u5xx_hal_cortex.o
 .debug_aranges
                0x00000460      0x208 ./Drivers/STM32U5xx_HAL_Driver/Src/stm32u5xx_hal_fdcan.o
 .debug_aranges
                0x00000668       0x78 ./Drivers/STM32U5xx_HAL_Driver/Src/stm32u5xx_hal_gpio.o
 .debug_aranges
                0x000006e0      0x2a0 ./Drivers/STM32U5xx_HAL_Driver/Src/stm32u5xx_hal_i2c.o
 .debug_aranges
                0x00000980       0x58 ./Drivers/STM32U5xx_HAL_Driver/Src/stm32u5xx_hal_i2c_ex.o
 .debug_aranges
                0x000009d8      0x200 ./Drivers/STM32U5xx_HAL_Driver/Src/stm32u5xx_hal_pwr_ex.o
 .debug_aranges
                0x00000bd8       0xa8 ./Drivers/STM32U5xx_HAL_Driver/Src/stm32u5xx_hal_rcc.o
 .debug_aranges
                0x00000c80      0x160 ./Drivers/STM32U5xx_HAL_Driver/Src/stm32u5xx_hal_rcc_ex.o
 .debug_aranges
                0x00000de0      0x1a8 ./Drivers/STM32U5xx_HAL_Driver/Src/stm32u5xx_hal_spi.o
 .debug_aranges
                0x00000f88       0x48 ./Drivers/STM32U5xx_HAL_Driver/Src/stm32u5xx_hal_spi_ex.o

.debug_rnglists
                0x00000000      0xc21
 .debug_rnglists
                0x00000000       0xab ./Core/Src/main.o
 .debug_rnglists
                0x000000ab       0x3a ./Core/Src/stm32u5xx_hal_msp.o
 .debug_rnglists
                0x000000e5       0x43 ./Core/Src/stm32u5xx_it.o
 .debug_rnglists
                0x00000128       0x1a ./Core/Src/system_stm32u5xx.o
 .debug_rnglists
                0x00000142       0x19 ./Core/Startup/startup_stm32u585citx.o
 .debug_rnglists
                0x0000015b       0xf3 ./Drivers/STM32U5xx_HAL_Driver/Src/stm32u5xx_hal.o
 .debug_rnglists
                0x0000024e       0xec ./Drivers/STM32U5xx_HAL_Driver/Src/stm32u5xx_hal_cortex.o
 .debug_rnglists
                0x0000033a      0x18d ./Drivers/STM32U5xx_HAL_Driver/Src/stm32u5xx_hal_fdcan.o
 .debug_rnglists
                0x000004c7       0x5a ./Drivers/STM32U5xx_HAL_Driver/Src/stm32u5xx_hal_gpio.o
 .debug_rnglists
                0x00000521      0x228 ./Drivers/STM32U5xx_HAL_Driver/Src/stm32u5xx_hal_i2c.o
 .debug_rnglists
                0x00000749       0x43 ./Drivers/STM32U5xx_HAL_Driver/Src/stm32u5xx_hal_i2c_ex.o
 .debug_rnglists
                0x0000078c      0x186 ./Drivers/STM32U5xx_HAL_Driver/Src/stm32u5xx_hal_pwr_ex.o
 .debug_rnglists
                0x00000912       0x7f ./Drivers/STM32U5xx_HAL_Driver/Src/stm32u5xx_hal_rcc.o
 .debug_rnglists
                0x00000991      0x113 ./Drivers/STM32U5xx_HAL_Driver/Src/stm32u5xx_hal_rcc_ex.o
 .debug_rnglists
                0x00000aa4      0x148 ./Drivers/STM32U5xx_HAL_Driver/Src/stm32u5xx_hal_spi.o
 .debug_rnglists
                0x00000bec       0x35 ./Drivers/STM32U5xx_HAL_Driver/Src/stm32u5xx_hal_spi_ex.o

.debug_macro    0x00000000    0x332c5
 .debug_macro   0x00000000      0x34a ./Core/Src/main.o
 .debug_macro   0x0000034a      0xade ./Core/Src/main.o
 .debug_macro   0x00000e28      0x201 ./Core/Src/main.o
 .debug_macro   0x00001029       0x2e ./Core/Src/main.o
 .debug_macro   0x00001057       0x42 ./Core/Src/main.o
 .debug_macro   0x00001099       0x22 ./Core/Src/main.o
 .debug_macro   0x000010bb       0x8e ./Core/Src/main.o
 .debug_macro   0x00001149       0x51 ./Core/Src/main.o
 .debug_macro   0x0000119a      0x103 ./Core/Src/main.o
 .debug_macro   0x0000129d       0x6a ./Core/Src/main.o
 .debug_macro   0x00001307      0x1df ./Core/Src/main.o
 .debug_macro   0x000014e6       0x1c ./Core/Src/main.o
 .debug_macro   0x00001502       0x29 ./Core/Src/main.o
 .debug_macro   0x0000152b       0xfb ./Core/Src/main.o
 .debug_macro   0x00001626     0x1685 ./Core/Src/main.o
 .debug_macro   0x00002cab       0x5e ./Core/Src/main.o
 .debug_macro   0x00002d09    0x23d05 ./Core/Src/main.o
 .debug_macro   0x00026a0e       0x6d ./Core/Src/main.o
 .debug_macro   0x00026a7b     0x393e ./Core/Src/main.o
 .debug_macro   0x0002a3b9      0x190 ./Core/Src/main.o
 .debug_macro   0x0002a549       0x61 ./Core/Src/main.o
 .debug_macro   0x0002a5aa       0x2a ./Core/Src/main.o
 .debug_macro   0x0002a5d4       0x43 ./Core/Src/main.o
 .debug_macro   0x0002a617       0x34 ./Core/Src/main.o
 .debug_macro   0x0002a64b      0x364 ./Core/Src/main.o
 .debug_macro   0x0002a9af       0x16 ./Core/Src/main.o
 .debug_macro   0x0002a9c5       0x4a ./Core/Src/main.o
 .debug_macro   0x0002aa0f       0x34 ./Core/Src/main.o
 .debug_macro   0x0002aa43       0x10 ./Core/Src/main.o
 .debug_macro   0x0002aa53       0x58 ./Core/Src/main.o
 .debug_macro   0x0002aaab       0x8e ./Core/Src/main.o
 .debug_macro   0x0002ab39       0x1c ./Core/Src/main.o
 .debug_macro   0x0002ab55      0x17e ./Core/Src/main.o
 .debug_macro   0x0002acd3      0x19b ./Core/Src/main.o
 .debug_macro   0x0002ae6e       0x5d ./Core/Src/main.o
 .debug_macro   0x0002aecb     0x1bfd ./Core/Src/main.o
 .debug_macro   0x0002cac8      0x7ff ./Core/Src/main.o
 .debug_macro   0x0002d2c7      0x166 ./Core/Src/main.o
 .debug_macro   0x0002d42d      0x2aa ./Core/Src/main.o
 .debug_macro   0x0002d6d7      0x5a5 ./Core/Src/main.o
 .debug_macro   0x0002dc7c      0x439 ./Core/Src/main.o
 .debug_macro   0x0002e0b5       0xd6 ./Core/Src/main.o
 .debug_macro   0x0002e18b      0x1cd ./Core/Src/main.o
 .debug_macro   0x0002e358      0x432 ./Core/Src/main.o
 .debug_macro   0x0002e78a       0x95 ./Core/Src/main.o
 .debug_macro   0x0002e81f      0x11c ./Core/Src/main.o
 .debug_macro   0x0002e93b      0x23a ./Core/Src/main.o
 .debug_macro   0x0002eb75      0x123 ./Core/Src/main.o
 .debug_macro   0x0002ec98       0xa5 ./Core/Src/main.o
 .debug_macro   0x0002ed3d      0x525 ./Core/Src/main.o
 .debug_macro   0x0002f262      0x4bf ./Core/Src/main.o
 .debug_macro   0x0002f721      0x5cf ./Core/Src/main.o
 .debug_macro   0x0002fcf0       0xee ./Core/Src/main.o
 .debug_macro   0x0002fdde       0xeb ./Core/Src/main.o
 .debug_macro   0x0002fec9      0x1c0 ./Core/Src/main.o
 .debug_macro   0x00030089      0x6bd ./Core/Src/main.o
 .debug_macro   0x00030746      0x361 ./Core/Src/main.o
 .debug_macro   0x00030aa7       0x40 ./Core/Src/main.o
 .debug_macro   0x00030ae7      0x290 ./Core/Src/stm32u5xx_hal_msp.o
 .debug_macro   0x00030d77      0x29a ./Core/Src/stm32u5xx_it.o
 .debug_macro   0x00031011      0x288 ./Core/Src/system_stm32u5xx.o
 .debug_macro   0x00031299      0x2a5 ./Drivers/STM32U5xx_HAL_Driver/Src/stm32u5xx_hal.o
 .debug_macro   0x0003153e      0x281 ./Drivers/STM32U5xx_HAL_Driver/Src/stm32u5xx_hal_cortex.o
 .debug_macro   0x000317bf      0x393 ./Drivers/STM32U5xx_HAL_Driver/Src/stm32u5xx_hal_fdcan.o
 .debug_macro   0x00031b52      0x2b6 ./Drivers/STM32U5xx_HAL_Driver/Src/stm32u5xx_hal_gpio.o
 .debug_macro   0x00031e08      0x34d ./Drivers/STM32U5xx_HAL_Driver/Src/stm32u5xx_hal_i2c.o
 .debug_macro   0x00032155      0x281 ./Drivers/STM32U5xx_HAL_Driver/Src/stm32u5xx_hal_i2c_ex.o
 .debug_macro   0x000323d6      0x2ac ./Drivers/STM32U5xx_HAL_Driver/Src/stm32u5xx_hal_pwr_ex.o
 .debug_macro   0x00032682      0x387 ./Drivers/STM32U5xx_HAL_Driver/Src/stm32u5xx_hal_rcc.o
 .debug_macro   0x00032a09      0x3b2 ./Drivers/STM32U5xx_HAL_Driver/Src/stm32u5xx_hal_rcc_ex.o
 .debug_macro   0x00032dbb      0x289 ./Drivers/STM32U5xx_HAL_Driver/Src/stm32u5xx_hal_spi.o
 .debug_macro   0x00033044      0x281 ./Drivers/STM32U5xx_HAL_Driver/Src/stm32u5xx_hal_spi_ex.o

.debug_line     0x00000000    0x1321b
 .debug_line    0x00000000     0x10be ./Core/Src/main.o
 .debug_line    0x000010be      0x9c8 ./Core/Src/stm32u5xx_hal_msp.o
 .debug_line    0x00001a86      0x8f2 ./Core/Src/stm32u5xx_it.o
 .debug_line    0x00002378      0x947 ./Core/Src/system_stm32u5xx.o
 .debug_line    0x00002cbf       0x79 ./Core/Startup/startup_stm32u585citx.o
 .debug_line    0x00002d38      0xcec ./Drivers/STM32U5xx_HAL_Driver/Src/stm32u5xx_hal.o
 .debug_line    0x00003a24      0xe96 ./Drivers/STM32U5xx_HAL_Driver/Src/stm32u5xx_hal_cortex.o
 .debug_line    0x000048ba     0x19b5 ./Drivers/STM32U5xx_HAL_Driver/Src/stm32u5xx_hal_fdcan.o
 .debug_line    0x0000626f      0xdf5 ./Drivers/STM32U5xx_HAL_Driver/Src/stm32u5xx_hal_gpio.o
 .debug_line    0x00007064     0x3b99 ./Drivers/STM32U5xx_HAL_Driver/Src/stm32u5xx_hal_i2c.o
 .debug_line    0x0000abfd      0xa93 ./Drivers/STM32U5xx_HAL_Driver/Src/stm32u5xx_hal_i2c_ex.o
 .debug_line    0x0000b690     0x11d3 ./Drivers/STM32U5xx_HAL_Driver/Src/stm32u5xx_hal_pwr_ex.o
 .debug_line    0x0000c863     0x16d4 ./Drivers/STM32U5xx_HAL_Driver/Src/stm32u5xx_hal_rcc.o
 .debug_line    0x0000df37     0x2339 ./Drivers/STM32U5xx_HAL_Driver/Src/stm32u5xx_hal_rcc_ex.o
 .debug_line    0x00010270     0x2585 ./Drivers/STM32U5xx_HAL_Driver/Src/stm32u5xx_hal_spi.o
 .debug_line    0x000127f5      0xa26 ./Drivers/STM32U5xx_HAL_Driver/Src/stm32u5xx_hal_spi_ex.o

.debug_str      0x00000000   0x14413c
 .debug_str     0x00000000   0x14413c ./Core/Src/main.o
                             0x13c87e (size before relaxing)
 .debug_str     0x0014413c   0x13c06e ./Core/Src/stm32u5xx_hal_msp.o
 .debug_str     0x0014413c   0x13ae2a ./Core/Src/stm32u5xx_it.o
 .debug_str     0x0014413c   0x13b083 ./Core/Src/system_stm32u5xx.o
 .debug_str     0x0014413c       0x90 ./Core/Startup/startup_stm32u585citx.o
 .debug_str     0x0014413c   0x13bf2f ./Drivers/STM32U5xx_HAL_Driver/Src/stm32u5xx_hal.o
 .debug_str     0x0014413c   0x13bcfe ./Drivers/STM32U5xx_HAL_Driver/Src/stm32u5xx_hal_cortex.o
 .debug_str     0x0014413c   0x13c477 ./Drivers/STM32U5xx_HAL_Driver/Src/stm32u5xx_hal_fdcan.o
 .debug_str     0x0014413c   0x13b0a8 ./Drivers/STM32U5xx_HAL_Driver/Src/stm32u5xx_hal_gpio.o
 .debug_str     0x0014413c   0x13c2d1 ./Drivers/STM32U5xx_HAL_Driver/Src/stm32u5xx_hal_i2c.o
 .debug_str     0x0014413c   0x13b4b9 ./Drivers/STM32U5xx_HAL_Driver/Src/stm32u5xx_hal_i2c_ex.o
 .debug_str     0x0014413c   0x13b7c3 ./Drivers/STM32U5xx_HAL_Driver/Src/stm32u5xx_hal_pwr_ex.o
 .debug_str     0x0014413c   0x13c778 ./Drivers/STM32U5xx_HAL_Driver/Src/stm32u5xx_hal_rcc.o
 .debug_str     0x0014413c   0x13da6b ./Drivers/STM32U5xx_HAL_Driver/Src/stm32u5xx_hal_rcc_ex.o
 .debug_str     0x0014413c   0x13b977 ./Drivers/STM32U5xx_HAL_Driver/Src/stm32u5xx_hal_spi.o
 .debug_str     0x0014413c   0x13b4e7 ./Drivers/STM32U5xx_HAL_Driver/Src/stm32u5xx_hal_spi_ex.o

.comment        0x00000000       0x43
 .comment       0x00000000       0x43 ./Core/Src/main.o
                                 0x44 (size before relaxing)
 .comment       0x00000043       0x44 ./Core/Src/stm32u5xx_hal_msp.o
 .comment       0x00000043       0x44 ./Core/Src/stm32u5xx_it.o
 .comment       0x00000043       0x44 ./Core/Src/system_stm32u5xx.o
 .comment       0x00000043       0x44 ./Drivers/STM32U5xx_HAL_Driver/Src/stm32u5xx_hal.o
 .comment       0x00000043       0x44 ./Drivers/STM32U5xx_HAL_Driver/Src/stm32u5xx_hal_cortex.o
 .comment       0x00000043       0x44 ./Drivers/STM32U5xx_HAL_Driver/Src/stm32u5xx_hal_fdcan.o
 .comment       0x00000043       0x44 ./Drivers/STM32U5xx_HAL_Driver/Src/stm32u5xx_hal_gpio.o
 .comment       0x00000043       0x44 ./Drivers/STM32U5xx_HAL_Driver/Src/stm32u5xx_hal_i2c.o
 .comment       0x00000043       0x44 ./Drivers/STM32U5xx_HAL_Driver/Src/stm32u5xx_hal_i2c_ex.o
 .comment       0x00000043       0x44 ./Drivers/STM32U5xx_HAL_Driver/Src/stm32u5xx_hal_pwr_ex.o
 .comment       0x00000043       0x44 ./Drivers/STM32U5xx_HAL_Driver/Src/stm32u5xx_hal_rcc.o
 .comment       0x00000043       0x44 ./Drivers/STM32U5xx_HAL_Driver/Src/stm32u5xx_hal_rcc_ex.o
 .comment       0x00000043       0x44 ./Drivers/STM32U5xx_HAL_Driver/Src/stm32u5xx_hal_spi.o
 .comment       0x00000043       0x44 ./Drivers/STM32U5xx_HAL_Driver/Src/stm32u5xx_hal_spi_ex.o

.debug_frame    0x00000000     0x3ec0
 .debug_frame   0x00000000      0x358 ./Core/Src/main.o
 .debug_frame   0x00000358      0x118 ./Core/Src/stm32u5xx_hal_msp.o
 .debug_frame   0x00000470       0xf8 ./Core/Src/stm32u5xx_it.o
 .debug_frame   0x00000568       0x50 ./Core/Src/system_stm32u5xx.o
 .debug_frame   0x000005b8      0x480 ./Drivers/STM32U5xx_HAL_Driver/Src/stm32u5xx_hal.o
 .debug_frame   0x00000a38      0x508 ./Drivers/STM32U5xx_HAL_Driver/Src/stm32u5xx_hal_cortex.o
 .debug_frame   0x00000f40      0x8d0 ./Drivers/STM32U5xx_HAL_Driver/Src/stm32u5xx_hal_fdcan.o
 .debug_frame   0x00001810      0x1c0 ./Drivers/STM32U5xx_HAL_Driver/Src/stm32u5xx_hal_gpio.o
 .debug_frame   0x000019d0      0xbf4 ./Drivers/STM32U5xx_HAL_Driver/Src/stm32u5xx_hal_i2c.o
 .debug_frame   0x000025c4      0x130 ./Drivers/STM32U5xx_HAL_Driver/Src/stm32u5xx_hal_i2c_ex.o
 .debug_frame   0x000026f4      0x764 ./Drivers/STM32U5xx_HAL_Driver/Src/stm32u5xx_hal_pwr_ex.o
 .debug_frame   0x00002e58      0x268 ./Drivers/STM32U5xx_HAL_Driver/Src/stm32u5xx_hal_rcc.o
 .debug_frame   0x000030c0      0x590 ./Drivers/STM32U5xx_HAL_Driver/Src/stm32u5xx_hal_rcc_ex.o
 .debug_frame   0x00003650      0x73c ./Drivers/STM32U5xx_HAL_Driver/Src/stm32u5xx_hal_spi.o
 .debug_frame   0x00003d8c       0xe8 ./Drivers/STM32U5xx_HAL_Driver/Src/stm32u5xx_hal_spi_ex.o
 .debug_frame   0x00003e74       0x20 /Applications/STM32CubeIDE.app/Contents/Eclipse/plugins/com.st.stm32cube.ide.mcu.externaltools.gnu-tools-for-stm32.14.3.rel1.macosaarch64_1.0.0.202602081740/tools/bin/../lib/gcc/arm-none-eabi/14.3.1/../../../../arm-none-eabi/lib/thumb/v8-m.main+fp/hard/libc_nano.a(libc_a-memset.o)
 .debug_frame   0x00003e94       0x2c /Applications/STM32CubeIDE.app/Contents/Eclipse/plugins/com.st.stm32cube.ide.mcu.externaltools.gnu-tools-for-stm32.14.3.rel1.macosaarch64_1.0.0.202602081740/tools/bin/../lib/gcc/arm-none-eabi/14.3.1/../../../../arm-none-eabi/lib/thumb/v8-m.main+fp/hard/libc_nano.a(libc_a-init.o)

.debug_line_str
                0x00000000       0x74
 .debug_line_str
                0x00000000       0x74 ./Core/Startup/startup_stm32u585citx.o
