../Core/Src/main.c:133:10:Build_FDCAN_ID_FromStruct	1
../Core/Src/main.c:145:19:MPPT_Send_Heartbeat	1
../Core/Src/main.c:169:9:FDCAN_QueuePush	2
../Core/Src/main.c:177:9:FDCAN_QueuePop	2
../Core/Src/main.c:189:19:FDCAN_ProcessQueue	2
../Core/Src/main.c:197:9:FDCAN_DLC_ToBytes	10
../Core/Src/main.c:213:10:FDCAN_Bytes_To_DLC	9
../Core/Src/main.c:227:19:FDCAN_ProcessQueueElement	2
../Core/Src/main.c:236:19:LT8491_ReadWord	2
../Core/Src/main.c:245:19:MPPT_Send_Housekeeping	22
../Core/Src/main.c:344:5:main	7
../Core/Src/main.c:411:6:SystemClock_Config	4
../Core/Src/main.c:464:13:MX_FDCAN1_Init	2
../Core/Src/main.c:507:13:MX_I2C1_Init	4
../Core/Src/main.c:555:13:MX_I2C2_Init	4
../Core/Src/main.c:603:13:MX_SPI1_Init	3
../Core/Src/main.c:660:13:MX_GPIO_Init	1
../Core/Src/main.c:689:6:HAL_FDCAN_RxFifo0Callback	8
../Core/Src/main.c:726:6:Error_Handler	1
