../Core/Src/main.c:171:10:Build_FDCAN_ID_FromStruct	1
../Core/Src/main.c:183:19:MPPT_Send_Heartbeat	1
../Core/Src/main.c:207:9:FDCAN_QueuePush	2
../Core/Src/main.c:215:9:FDCAN_QueuePop	2
../Core/Src/main.c:227:19:FDCAN_ProcessQueue	2
../Core/Src/main.c:235:9:FDCAN_DLC_ToBytes	10
../Core/Src/main.c:251:10:FDCAN_Bytes_To_DLC	9
../Core/Src/main.c:265:19:FDCAN_ProcessQueueElement	3
../Core/Src/main.c:275:19:LT8491_ReadWord	2
../Core/Src/main.c:285:19:LT8491_ReadAllTelemetry	7
../Core/Src/main.c:298:6:MPPT_EN_I2C_Init	1
../Core/Src/main.c:310:19:LT8491_ReadByte	1
../Core/Src/main.c:314:19:LT8491_WriteByte	1
../Core/Src/main.c:318:6:MPPT_Ensure_Charging	5
../Core/Src/main.c:333:19:MPPT_Send_Housekeeping	13
../Core/Src/main.c:439:5:main	8
../Core/Src/main.c:517:6:SystemClock_Config	4
../Core/Src/main.c:570:13:MX_FDCAN1_Init	2
../Core/Src/main.c:613:13:MX_I2C1_Init	4
../Core/Src/main.c:661:13:MX_I2C2_Init	4
../Core/Src/main.c:709:13:MX_SPI1_Init	3
../Core/Src/main.c:766:13:MX_GPIO_Init	1
../Core/Src/main.c:815:6:HAL_FDCAN_RxFifo0Callback	8
../Core/Src/main.c:852:6:Error_Handler	1
