../Core/Src/main.c:171:10:Build_FDCAN_ID_FromStruct	24	static
../Core/Src/main.c:183:19:MPPT_Send_Heartbeat	16	static
../Core/Src/main.c:207:9:FDCAN_QueuePush	40	static
../Core/Src/main.c:215:9:FDCAN_QueuePop	32	static,ignoring_inline_asm
../Core/Src/main.c:227:19:FDCAN_ProcessQueue	32	static
../Core/Src/main.c:235:9:FDCAN_DLC_ToBytes	16	static
../Core/Src/main.c:251:10:FDCAN_Bytes_To_DLC	16	static
../Core/Src/main.c:265:19:FDCAN_ProcessQueueElement	16	static
../Core/Src/main.c:275:19:LT8491_ReadWord	48	static
../Core/Src/main.c:285:19:LT8491_ReadAllTelemetry	40	static
../Core/Src/main.c:298:6:MPPT_EN_I2C_Init	8	static
../Core/Src/main.c:310:19:LT8491_ReadByte	40	static
../Core/Src/main.c:314:19:LT8491_WriteByte	32	static
../Core/Src/main.c:318:6:MPPT_Ensure_Charging	24	static
../Core/Src/main.c:333:19:MPPT_Send_Housekeeping	120	static
../Core/Src/main.c:439:5:main	16	static
../Core/Src/main.c:517:6:SystemClock_Config	128	static
../Core/Src/main.c:570:13:MX_FDCAN1_Init	8	static
../Core/Src/main.c:613:13:MX_I2C1_Init	8	static
../Core/Src/main.c:661:13:MX_I2C2_Init	8	static
../Core/Src/main.c:709:13:MX_SPI1_Init	24	static
../Core/Src/main.c:766:13:MX_GPIO_Init	48	static
../Core/Src/main.c:815:6:HAL_FDCAN_RxFifo0Callback	40	static
../Core/Src/main.c:852:6:Error_Handler	4	static,ignoring_inline_asm
