../Core/Src/main.c:133:10:Build_FDCAN_ID_FromStruct	24	static
../Core/Src/main.c:145:19:MPPT_Send_Heartbeat	16	static
../Core/Src/main.c:169:9:FDCAN_QueuePush	40	static
../Core/Src/main.c:177:9:FDCAN_QueuePop	32	static,ignoring_inline_asm
../Core/Src/main.c:189:19:FDCAN_ProcessQueue	32	static
../Core/Src/main.c:197:9:FDCAN_DLC_ToBytes	16	static
../Core/Src/main.c:213:10:FDCAN_Bytes_To_DLC	16	static
../Core/Src/main.c:227:19:FDCAN_ProcessQueueElement	16	static
../Core/Src/main.c:236:19:LT8491_ReadWord	40	static
../Core/Src/main.c:245:19:MPPT_Send_Housekeeping	96	static
../Core/Src/main.c:344:5:main	16	static
../Core/Src/main.c:411:6:SystemClock_Config	128	static
../Core/Src/main.c:464:13:MX_FDCAN1_Init	8	static
../Core/Src/main.c:507:13:MX_I2C1_Init	8	static
../Core/Src/main.c:555:13:MX_I2C2_Init	8	static
../Core/Src/main.c:603:13:MX_SPI1_Init	24	static
../Core/Src/main.c:660:13:MX_GPIO_Init	48	static
../Core/Src/main.c:689:6:HAL_FDCAN_RxFifo0Callback	40	static
../Core/Src/main.c:726:6:Error_Handler	4	static,ignoring_inline_asm
